Component: ARM Compiler 5.06 update 7 (build 960) Tool: armlink [4d3601]

==============================================================================

Section Cross References

    main.o(i.Auto_Scan) refers to servo.o(i.Servo_SetAngle) for Servo_SetAngle
    main.o(i.Auto_Scan) refers to delay.o(i.delay_ms) for delay_ms
    main.o(i.Auto_Scan) refers to ultrasonic.o(i.Ultrasonic_GetDistance) for Ultrasonic_GetDistance
    main.o(i.Auto_Scan) refers to fmul.o(.text) for __aeabi_fmul
    main.o(i.Auto_Scan) refers to ffixui.o(.text) for __aeabi_f2uiz
    main.o(i.Auto_Scan) refers to f2d.o(.text) for __aeabi_f2d
    main.o(i.Auto_Scan) refers to printfa.o(i.__0printf) for __2printf
    main.o(i.Auto_Scan) refers to cfrcmple.o(.text) for __aeabi_cfrcmple
    main.o(i.Auto_Scan) refers to cfcmple.o(.text) for __aeabi_cfcmple
    main.o(i.Auto_Scan) refers to led.o(i.LED_On) for LED_On
    main.o(i.Auto_Scan) refers to led.o(i.LED_Off) for LED_Off
    main.o(i.Auto_Scan) refers to main.o(.data) for direction
    main.o(i.Auto_Scan) refers to main.o(.bss) for scan_data
    main.o(i.Clear_Scan_Data) refers to at24c64.o(i.AT24C64_Write_Data) for AT24C64_Write_Data
    main.o(i.Clear_Scan_Data) refers to main.o(.bss) for scan_data
    main.o(i.Clear_Scan_Data) refers to main.o(.data) for trail_count
    main.o(i.Manual_Control) refers to key.o(i.Key_Scan) for Key_Scan
    main.o(i.Manual_Control) refers to servo.o(i.Servo_SetAngle) for Servo_SetAngle
    main.o(i.Manual_Control) refers to delay.o(i.delay_ms) for delay_ms
    main.o(i.Manual_Control) refers to ultrasonic.o(i.Ultrasonic_GetDistance) for Ultrasonic_GetDistance
    main.o(i.Manual_Control) refers to fmul.o(.text) for __aeabi_fmul
    main.o(i.Manual_Control) refers to ffixui.o(.text) for __aeabi_f2uiz
    main.o(i.Manual_Control) refers to cfrcmple.o(.text) for __aeabi_cfrcmple
    main.o(i.Manual_Control) refers to cfcmple.o(.text) for __aeabi_cfcmple
    main.o(i.Manual_Control) refers to led.o(i.LED_On) for LED_On
    main.o(i.Manual_Control) refers to led.o(i.LED_Off) for LED_Off
    main.o(i.Manual_Control) refers to main.o(.data) for key_state
    main.o(i.Manual_Control) refers to main.o(.bss) for scan_data
    main.o(i.OLED_Display) refers to cfcmple.o(.text) for __aeabi_cfcmpeq
    main.o(i.OLED_Display) refers to oled.o(i.OLED_Clear) for OLED_Clear
    main.o(i.OLED_Display) refers to printfa.o(i.__0sprintf) for __2sprintf
    main.o(i.OLED_Display) refers to oled.o(i.OLED_ShowString) for OLED_ShowString
    main.o(i.OLED_Display) refers to ffixi.o(.text) for __aeabi_f2iz
    main.o(i.OLED_Display) refers to oled.o(i.OLED_Refresh) for OLED_Refresh
    main.o(i.OLED_Display) refers to main.o(.data) for last_angle
    main.o(i.OLED_DrawRadarDisplay) refers to oled.o(i.OLED_Clear) for OLED_Clear
    main.o(i.OLED_DrawRadarDisplay) refers to oled.o(i.OLED_DrawRadar) for OLED_DrawRadar
    main.o(i.OLED_DrawRadarDisplay) refers to f2d.o(.text) for __aeabi_f2d
    main.o(i.OLED_DrawRadarDisplay) refers to printfa.o(i.__0sprintf) for __2sprintf
    main.o(i.OLED_DrawRadarDisplay) refers to oled.o(i.OLED_ShowString) for OLED_ShowString
    main.o(i.OLED_DrawRadarDisplay) refers to oled.o(i.OLED_Refresh) for OLED_Refresh
    main.o(i.OLED_DrawRadarDisplay) refers to main.o(.data) for current_angle
    main.o(i.OLED_DrawRadarDisplay) refers to main.o(.bss) for scan_trail
    main.o(i.Process_Remote_Command) refers to strstr.o(.text) for strstr
    main.o(i.Process_Remote_Command) refers to json_parser.o(i.JSON_ParseCommand) for JSON_ParseCommand
    main.o(i.Process_Remote_Command) refers to main.o(.data) for display_mode
    main.o(i.Save_Scan_Data) refers to at24c64.o(i.AT24C64_Write_Data) for AT24C64_Write_Data
    main.o(i.Save_Scan_Data) refers to main.o(.bss) for scan_data
    main.o(i.Send_Data_To_NodeRED) refers to f2d.o(.text) for __aeabi_f2d
    main.o(i.Send_Data_To_NodeRED) refers to printfa.o(i.__0sprintf) for __2sprintf
    main.o(i.Send_Data_To_NodeRED) refers to printfa.o(i.__0printf) for __2printf
    main.o(i.Send_Data_To_NodeRED) refers to main.o(.data) for current_distance
    main.o(i.System_Init) refers to delay.o(i.Delay_Init) for Delay_Init
    main.o(i.System_Init) refers to usart.o(i.USART1_Init) for USART1_Init
    main.o(i.System_Init) refers to oled.o(i.OLED_Init) for OLED_Init
    main.o(i.System_Init) refers to ultrasonic.o(i.Ultrasonic_Init) for Ultrasonic_Init
    main.o(i.System_Init) refers to servo.o(i.Servo_Init) for Servo_Init
    main.o(i.System_Init) refers to key.o(i.Key_Init) for Key_Init
    main.o(i.System_Init) refers to led.o(i.LED_Init) for LED_Init
    main.o(i.System_Init) refers to led.o(i.LED_Off) for LED_Off
    main.o(i.main) refers to main.o(i.System_Init) for System_Init
    main.o(i.main) refers to printfa.o(i.__0printf) for __2printf
    main.o(i.main) refers to delay.o(i.delay_ms) for delay_ms
    main.o(i.main) refers to key.o(i.Key_IsPressed) for Key_IsPressed
[...]
    Removing stm32f10x_pwr.o(i.PWR_WakeUpPinCmd), (12 bytes).
    Removing stm32f10x_rcc.o(i.RCC_ADCCLKConfig), (24 bytes).
    Removing stm32f10x_rcc.o(i.RCC_AHBPeriphClockCmd), (32 bytes).
    Removing stm32f10x_rcc.o(i.RCC_APB1PeriphResetCmd), (32 bytes).
    Removing stm32f10x_rcc.o(i.RCC_APB2PeriphResetCmd), (32 bytes).
    Removing stm32f10x_rcc.o(i.RCC_AdjustHSICalibrationValue), (24 bytes).
    Removing stm32f10x_rcc.o(i.RCC_BackupResetCmd), (12 bytes).
    Removing stm32f10x_rcc.o(i.RCC_ClearFlag), (20 bytes).
    Removing stm32f10x_rcc.o(i.RCC_ClearITPendingBit), (12 bytes).
    Removing stm32f10x_rcc.o(i.RCC_ClockSecuritySystemCmd), (12 bytes).
    Removing stm32f10x_rcc.o(i.RCC_DeInit), (76 bytes).
    Removing stm32f10x_rcc.o(i.RCC_GetFlagStatus), (60 bytes).
    Removing stm32f10x_rcc.o(i.RCC_GetITStatus), (24 bytes).
    Removing stm32f10x_rcc.o(i.RCC_GetSYSCLKSource), (16 bytes).
    Removing stm32f10x_rcc.o(i.RCC_HCLKConfig), (24 bytes).
    Removing stm32f10x_rcc.o(i.RCC_HSEConfig), (76 bytes).
    Removing stm32f10x_rcc.o(i.RCC_HSICmd), (12 bytes).
    Removing stm32f10x_rcc.o(i.RCC_ITConfig), (32 bytes).
    Removing stm32f10x_rcc.o(i.RCC_LSEConfig), (52 bytes).
    Removing stm32f10x_rcc.o(i.RCC_LSICmd), (12 bytes).
    Removing stm32f10x_rcc.o(i.RCC_MCOConfig), (12 bytes).
    Removing stm32f10x_rcc.o(i.RCC_PCLK1Config), (24 bytes).
    Removing stm32f10x_rcc.o(i.RCC_PCLK2Config), (24 bytes).
    Removing stm32f10x_rcc.o(i.RCC_PLLCmd), (12 bytes).
    Removing stm32f10x_rcc.o(i.RCC_PLLConfig), (28 bytes).
    Removing stm32f10x_rcc.o(i.RCC_RTCCLKCmd), (12 bytes).
    Removing stm32f10x_rcc.o(i.RCC_RTCCLKConfig), (16 bytes).
    Removing stm32f10x_rcc.o(i.RCC_SYSCLKConfig), (24 bytes).
    Removing stm32f10x_rcc.o(i.RCC_USBCLKConfig), (12 bytes).
    Removing stm32f10x_rcc.o(i.RCC_WaitForHSEStartUp), (56 bytes).
    Removing stm32f10x_rtc.o(i.RTC_ClearFlag), (16 bytes).
    Removing stm32f10x_rtc.o(i.RTC_ClearITPendingBit), (16 bytes).
    Removing stm32f10x_rtc.o(i.RTC_EnterConfigMode), (20 bytes).
    Removing stm32f10x_rtc.o(i.RTC_ExitConfigMode), (20 bytes).
    Removing stm32f10x_rtc.o(i.RTC_GetCounter), (44 bytes).
    Removing stm32f10x_rtc.o(i.RTC_GetDivider), (24 bytes).
    Removing stm32f10x_rtc.o(i.RTC_GetFlagStatus), (24 bytes).
    Removing stm32f10x_rtc.o(i.RTC_GetITStatus), (36 bytes).
    Removing stm32f10x_rtc.o(i.RTC_ITConfig), (32 bytes).
    Removing stm32f10x_rtc.o(i.RTC_SetAlarm), (28 bytes).
    Removing stm32f10x_rtc.o(i.RTC_SetCounter), (28 bytes).
    Removing stm32f10x_rtc.o(i.RTC_SetPrescaler), (32 bytes).
    Removing stm32f10x_rtc.o(i.RTC_WaitForLastTask), (20 bytes).
    Removing stm32f10x_rtc.o(i.RTC_WaitForSynchro), (36 bytes).
    Removing stm32f10x_sdio.o(i.SDIO_CEATAITCmd), (16 bytes).
    Removing stm32f10x_sdio.o(i.SDIO_ClearFlag), (12 bytes).
    Removing stm32f10x_sdio.o(i.SDIO_ClearITPendingBit), (12 bytes).
    Removing stm32f10x_sdio.o(i.SDIO_ClockCmd), (12 bytes).
    Removing stm32f10x_sdio.o(i.SDIO_CmdStructInit), (14 bytes).
    Removing stm32f10x_sdio.o(i.SDIO_CommandCompletionCmd), (12 bytes).
    Removing stm32f10x_sdio.o(i.SDIO_DMACmd), (12 bytes).
    Removing stm32f10x_sdio.o(i.SDIO_DataConfig), (48 bytes).
    Removing stm32f10x_sdio.o(i.SDIO_DataStructInit), (20 bytes).
    Removing stm32f10x_sdio.o(i.SDIO_DeInit), (36 bytes).
    Removing stm32f10x_sdio.o(i.SDIO_GetCommandResponse), (12 bytes).
    Removing stm32f10x_sdio.o(i.SDIO_GetDataCounter), (12 bytes).
    Removing stm32f10x_sdio.o(i.SDIO_GetFIFOCount), (12 bytes).
    Removing stm32f10x_sdio.o(i.SDIO_GetFlagStatus), (24 bytes).
    Removing stm32f10x_sdio.o(i.SDIO_GetITStatus), (24 bytes).
    Removing stm32f10x_sdio.o(i.SDIO_GetPowerState), (16 bytes).
    Removing stm32f10x_sdio.o(i.SDIO_GetResponse), (24 bytes).
    Removing stm32f10x_sdio.o(i.SDIO_ITConfig), (32 bytes).
    Removing stm32f10x_sdio.o(i.SDIO_Init), (48 bytes).
    Removing stm32f10x_sdio.o(i.SDIO_ReadData), (12 bytes).
    Removing stm32f10x_sdio.o(i.SDIO_SendCEATACmd), (12 bytes).
    Removing stm32f10x_sdio.o(i.SDIO_SendCommand), (44 bytes).
    Removing stm32f10x_sdio.o(i.SDIO_SendSDIOSuspendCmd), (12 bytes).
    Removing stm32f10x_sdio.o(i.SDIO_SetPowerState), (12 bytes).
    Removing stm32f10x_sdio.o(i.SDIO_SetSDIOOperation), (12 bytes).
    Removing stm32f10x_sdio.o(i.SDIO_SetSDIOReadWaitMode), (12 bytes).
    Removing stm32f10x_sdio.o(i.SDIO_StartSDIOReadWait), (12 bytes).
    Removing stm32f10x_sdio.o(i.SDIO_StopSDIOReadWait), (12 bytes).
    Removing stm32f10x_sdio.o(i.SDIO_StructInit), (16 bytes).
    Removing stm32f10x_sdio.o(i.SDIO_WriteData), (12 bytes).
    Removing stm32f10x_spi.o(i.I2S_Cmd), (24 bytes).
    Removing stm32f10x_spi.o(i.I2S_Init), (232 bytes).
    Removing stm32f10x_spi.o(i.I2S_StructInit), (20 bytes).
    Removing stm32f10x_spi.o(i.SPI_BiDirectionalLineConfig), (28 bytes).
    Removing stm32f10x_spi.o(i.SPI_CalculateCRC), (24 bytes).
    Removing stm32f10x_spi.o(i.SPI_Cmd), (24 bytes).
    Removing stm32f10x_spi.o(i.SPI_DataSizeConfig), (18 bytes).
    Removing stm32f10x_spi.o(i.SPI_GetCRC), (16 bytes).
    Removing stm32f10x_spi.o(i.SPI_GetCRCPolynomial), (6 bytes).
    Removing stm32f10x_spi.o(i.SPI_I2S_ClearFlag), (6 bytes).
    Removing stm32f10x_spi.o(i.SPI_I2S_ClearITPendingBit), (20 bytes).
    Removing stm32f10x_spi.o(i.SPI_I2S_DMACmd), (18 bytes).
    Removing stm32f10x_spi.o(i.SPI_I2S_DeInit), (88 bytes).
    Removing stm32f10x_spi.o(i.SPI_I2S_GetFlagStatus), (18 bytes).
    Removing stm32f10x_spi.o(i.SPI_I2S_GetITStatus), (52 bytes).
    Removing stm32f10x_spi.o(i.SPI_I2S_ITConfig), (32 bytes).
    Removing stm32f10x_spi.o(i.SPI_I2S_ReceiveData), (6 bytes).
    Removing stm32f10x_spi.o(i.SPI_I2S_SendData), (4 bytes).
    Removing stm32f10x_spi.o(i.SPI_Init), (60 bytes).
    Removing stm32f10x_spi.o(i.SPI_NSSInternalSoftwareConfig), (30 bytes).
    Removing stm32f10x_spi.o(i.SPI_SSOutputCmd), (24 bytes).
    Removing stm32f10x_spi.o(i.SPI_StructInit), (24 bytes).
    Removing stm32f10x_spi.o(i.SPI_TransmitCRC), (10 bytes).
    Removing stm32f10x_tim.o(i.TI1_Config), (128 bytes).
    Removing stm32f10x_tim.o(i.TI2_Config), (152 bytes).
    Removing stm32f10x_tim.o(i.TI3_Config), (144 bytes).
    Removing stm32f10x_tim.o(i.TI4_Config), (152 bytes).
    Removing stm32f10x_tim.o(i.TIM_ARRPreloadConfig), (24 bytes).
    Removing stm32f10x_tim.o(i.TIM_BDTRConfig), (32 bytes).
    Removing stm32f10x_tim.o(i.TIM_BDTRStructInit), (18 bytes).
    Removing stm32f10x_tim.o(i.TIM_CCPreloadControl), (24 bytes).
    Removing stm32f10x_tim.o(i.TIM_CCxCmd), (30 bytes).
    Removing stm32f10x_tim.o(i.TIM_CCxNCmd), (30 bytes).
    Removing stm32f10x_tim.o(i.TIM_ClearFlag), (6 bytes).
    Removing stm32f10x_tim.o(i.TIM_ClearITPendingBit), (6 bytes).
    Removing stm32f10x_tim.o(i.TIM_ClearOC1Ref), (18 bytes).
    Removing stm32f10x_tim.o(i.TIM_ClearOC2Ref), (24 bytes).
    Removing stm32f10x_tim.o(i.TIM_ClearOC3Ref), (18 bytes).
    Removing stm32f10x_tim.o(i.TIM_ClearOC4Ref), (24 bytes).
    Removing stm32f10x_tim.o(i.TIM_CounterModeConfig), (18 bytes).
    Removing stm32f10x_tim.o(i.TIM_DMACmd), (18 bytes).
    Removing stm32f10x_tim.o(i.TIM_DMAConfig), (10 bytes).
    Removing stm32f10x_tim.o(i.TIM_DeInit), (488 bytes).
    Removing stm32f10x_tim.o(i.TIM_ETRClockMode1Config), (54 bytes).
    Removing stm32f10x_tim.o(i.TIM_ETRClockMode2Config), (32 bytes).
    Removing stm32f10x_tim.o(i.TIM_ETRConfig), (28 bytes).
    Removing stm32f10x_tim.o(i.TIM_EncoderInterfaceConfig), (66 bytes).
    Removing stm32f10x_tim.o(i.TIM_ForcedOC1Config), (18 bytes).
    Removing stm32f10x_tim.o(i.TIM_ForcedOC2Config), (26 bytes).
    Removing stm32f10x_tim.o(i.TIM_ForcedOC3Config), (18 bytes).
    Removing stm32f10x_tim.o(i.TIM_ForcedOC4Config), (26 bytes).
    Removing stm32f10x_tim.o(i.TIM_GenerateEvent), (4 bytes).
    Removing stm32f10x_tim.o(i.TIM_GetCapture1), (6 bytes).
    Removing stm32f10x_tim.o(i.TIM_GetCapture2), (6 bytes).
    Removing stm32f10x_tim.o(i.TIM_GetCapture3), (6 bytes).
    Removing stm32f10x_tim.o(i.TIM_GetCapture4), (8 bytes).
    Removing stm32f10x_tim.o(i.TIM_GetFlagStatus), (18 bytes).
    Removing stm32f10x_tim.o(i.TIM_GetITStatus), (34 bytes).
    Removing stm32f10x_tim.o(i.TIM_GetPrescaler), (6 bytes).
    Removing stm32f10x_tim.o(i.TIM_ICInit), (172 bytes).
    Removing stm32f10x_tim.o(i.TIM_ICStructInit), (18 bytes).
    Removing stm32f10x_tim.o(i.TIM_ITConfig), (18 bytes).
    Removing stm32f10x_tim.o(i.TIM_ITRxExternalClockConfig), (24 bytes).
    Removing stm32f10x_tim.o(i.TIM_InternalClockConfig), (12 bytes).
    Removing stm32f10x_tim.o(i.TIM_OC1FastConfig), (18 bytes).
    Removing stm32f10x_tim.o(i.TIM_OC1NPolarityConfig), (18 bytes).
    Removing stm32f10x_tim.o(i.TIM_OC1PolarityConfig), (18 bytes).
    Removing stm32f10x_tim.o(i.TIM_OC2FastConfig), (26 bytes).
    Removing stm32f10x_tim.o(i.TIM_OC2Init), (164 bytes).
    Removing stm32f10x_tim.o(i.TIM_OC2NPolarityConfig), (26 bytes).
    Removing stm32f10x_tim.o(i.TIM_OC2PolarityConfig), (26 bytes).
    Removing stm32f10x_tim.o(i.TIM_OC2PreloadConfig), (26 bytes).
    Removing stm32f10x_tim.o(i.TIM_OC3FastConfig), (18 bytes).
    Removing stm32f10x_tim.o(i.TIM_OC3Init), (160 bytes).
    Removing stm32f10x_tim.o(i.TIM_OC3NPolarityConfig), (26 bytes).
    Removing stm32f10x_tim.o(i.TIM_OC3PolarityConfig), (26 bytes).
    Removing stm32f10x_tim.o(i.TIM_OC3PreloadConfig), (18 bytes).
    Removing stm32f10x_tim.o(i.TIM_OC4FastConfig), (26 bytes).
    Removing stm32f10x_tim.o(i.TIM_OC4Init), (124 bytes).
    Removing stm32f10x_tim.o(i.TIM_OC4PolarityConfig), (26 bytes).
    Removing stm32f10x_tim.o(i.TIM_OC4PreloadConfig), (26 bytes).
    Removing stm32f10x_tim.o(i.TIM_OCStructInit), (20 bytes).
    Removing stm32f10x_tim.o(i.TIM_PWMIConfig), (124 bytes).
    Removing stm32f10x_tim.o(i.TIM_PrescalerConfig), (6 bytes).
    Removing stm32f10x_tim.o(i.TIM_SelectCCDMA), (24 bytes).
    Removing stm32f10x_tim.o(i.TIM_SelectCOM), (24 bytes).
    Removing stm32f10x_tim.o(i.TIM_SelectHallSensor), (24 bytes).
    Removing stm32f10x_tim.o(i.TIM_SelectInputTrigger), (18 bytes).
    Removing stm32f10x_tim.o(i.TIM_SelectMasterSlaveMode), (18 bytes).
    Removing stm32f10x_tim.o(i.TIM_SelectOCxM), (82 bytes).
    Removing stm32f10x_tim.o(i.TIM_SelectOnePulseMode), (18 bytes).
    Removing stm32f10x_tim.o(i.TIM_SelectOutputTrigger), (18 bytes).
    Removing stm32f10x_tim.o(i.TIM_SelectSlaveMode), (18 bytes).
    Removing stm32f10x_tim.o(i.TIM_SetAutoreload), (4 bytes).
    Removing stm32f10x_tim.o(i.TIM_SetClockDivision), (18 bytes).
    Removing stm32f10x_tim.o(i.TIM_SetCompare2), (4 bytes).
    Removing stm32f10x_tim.o(i.TIM_SetCompare3), (4 bytes).
    Removing stm32f10x_tim.o(i.TIM_SetCompare4), (6 bytes).
    Removing stm32f10x_tim.o(i.TIM_SetIC1Prescaler), (18 bytes).
    Removing stm32f10x_tim.o(i.TIM_SetIC2Prescaler), (26 bytes).
    Removing stm32f10x_tim.o(i.TIM_SetIC3Prescaler), (18 bytes).
    Removing stm32f10x_tim.o(i.TIM_SetIC4Prescaler), (26 bytes).
    Removing stm32f10x_tim.o(i.TIM_TIxExternalClockConfig), (62 bytes).
    Removing stm32f10x_tim.o(i.TIM_TimeBaseStructInit), (18 bytes).
    Removing stm32f10x_tim.o(i.TIM_UpdateDisableConfig), (24 bytes).
    Removing stm32f10x_tim.o(i.TIM_UpdateRequestConfig), (24 bytes).
    Removing stm32f10x_usart.o(i.USART_ClockInit), (34 bytes).
    Removing stm32f10x_usart.o(i.USART_ClockStructInit), (12 bytes).
    Removing stm32f10x_usart.o(i.USART_DMACmd), (18 bytes).
    Removing stm32f10x_usart.o(i.USART_DeInit), (156 bytes).
    Removing stm32f10x_usart.o(i.USART_HalfDuplexCmd), (24 bytes).
    Removing stm32f10x_usart.o(i.USART_ITConfig), (74 bytes).
    Removing stm32f10x_usart.o(i.USART_IrDACmd), (24 bytes).
    Removing stm32f10x_usart.o(i.USART_IrDAConfig), (18 bytes).
    Removing stm32f10x_usart.o(i.USART_LINBreakDetectLengthConfig), (18 bytes).
    Removing stm32f10x_usart.o(i.USART_LINCmd), (24 bytes).
    Removing stm32f10x_usart.o(i.USART_OneBitMethodCmd), (24 bytes).
    Removing stm32f10x_usart.o(i.USART_OverSampling8Cmd), (22 bytes).
    Removing stm32f10x_usart.o(i.USART_ReceiverWakeUpCmd), (24 bytes).
    Removing stm32f10x_usart.o(i.USART_SendBreak), (10 bytes).
    Removing stm32f10x_usart.o(i.USART_SetAddress), (18 bytes).
    Removing stm32f10x_usart.o(i.USART_SetGuardTime), (16 bytes).
    Removing stm32f10x_usart.o(i.USART_SetPrescaler), (16 bytes).
    Removing stm32f10x_usart.o(i.USART_SmartCardCmd), (24 bytes).
    Removing stm32f10x_usart.o(i.USART_SmartCardNACKCmd), (24 bytes).
    Removing stm32f10x_usart.o(i.USART_StructInit), (24 bytes).
    Removing stm32f10x_usart.o(i.USART_WakeUpConfig), (18 bytes).
    Removing stm32f10x_wwdg.o(i.WWDG_ClearFlag), (12 bytes).
    Removing stm32f10x_wwdg.o(i.WWDG_DeInit), (22 bytes).
    Removing stm32f10x_wwdg.o(i.WWDG_Enable), (16 bytes).
    Removing stm32f10x_wwdg.o(i.WWDG_EnableIT), (12 bytes).
    Removing stm32f10x_wwdg.o(i.WWDG_GetFlagStatus), (12 bytes).
    Removing stm32f10x_wwdg.o(i.WWDG_SetCounter), (16 bytes).
    Removing stm32f10x_wwdg.o(i.WWDG_SetPrescaler), (24 bytes).
    Removing stm32f10x_wwdg.o(i.WWDG_SetWindowValue), (40 bytes).
    Removing core_cm3.o(.emb_text), (32 bytes).
    Removing startup_stm32f10x_md.o(HEAP), (512 bytes).
    Removing system_stm32f10x.o(i.SystemCoreClockUpdate), (164 bytes).

465 unused section(s) (total 19266 bytes) removed from the image.

==============================================================================

Image Symbol Table

    Local Symbols

    Symbol Name                              Value     Ov Type        Size  Object(Section)

    ../clib/microlib/ctype/ctype.c           0x00000000   Number         0  isblank_o.o ABSOLUTE
    ../clib/microlib/ctype/ctype.c           0x00000000   Number         0  iscntrl_o.o ABSOLUTE
    ../clib/microlib/ctype/ctype.c           0x00000000   Number         0  isalnum_o.o ABSOLUTE
    ../clib/microlib/ctype/ctype.c           0x00000000   Number         0  isalpha_o.o ABSOLUTE
    ../clib/microlib/ctype/ctype.c           0x00000000   Number         0  ctype_o.o ABSOLUTE
    ../clib/microlib/ctype/ctype.c           0x00000000   Number         0  isxdigit_o.o ABSOLUTE
    ../clib/microlib/ctype/ctype.c           0x00000000   Number         0  isupper_o.o ABSOLUTE
    ../clib/microlib/ctype/ctype.c           0x00000000   Number         0  isspace_o.o ABSOLUTE
    ../clib/microlib/ctype/ctype.c           0x00000000   Number         0  ispunct_o.o ABSOLUTE
    ../clib/microlib/ctype/ctype.c           0x00000000   Number         0  isprint_o.o ABSOLUTE
    ../clib/microlib/ctype/ctype.c           0x00000000   Number         0  islower_o.o ABSOLUTE
    ../clib/microlib/ctype/ctype.c           0x00000000   Number         0  isgraph_o.o ABSOLUTE
    ../clib/microlib/ctype/ctype.c           0x00000000   Number         0  isdigit_o.o ABSOLUTE
    ../clib/microlib/division.c              0x00000000   Number         0  uidiv.o ABSOLUTE
    ../clib/microlib/division.c              0x00000000   Number         0  uldiv.o ABSOLUTE
    ../clib/microlib/errno.c                 0x00000000   Number         0  errno.o ABSOLUTE
    ../clib/microlib/init/entry.s            0x00000000   Number         0  entry12b.o ABSOLUTE
    ../clib/microlib/init/entry.s            0x00000000   Number         0  entry8a.o ABSOLUTE
    ../clib/microlib/init/entry.s            0x00000000   Number         0  entry9a.o ABSOLUTE
    ../clib/microlib/init/entry.s            0x00000000   Number         0  entry9b.o ABSOLUTE
    ../clib/microlib/init/entry.s            0x00000000   Number         0  entry5.o ABSOLUTE
    ../clib/microlib/init/entry.s            0x00000000   Number         0  entry2.o ABSOLUTE
    ../clib/microlib/init/entry.s            0x00000000   Number         0  entry7b.o ABSOLUTE
    ../clib/microlib/init/entry.s            0x00000000   Number         0  entry10b.o ABSOLUTE
    ../clib/microlib/init/entry.s            0x00000000   Number         0  entry11a.o ABSOLUTE
    ../clib/microlib/init/entry.s            0x00000000   Number         0  entry7a.o ABSOLUTE
    ../clib/microlib/init/entry.s            0x00000000   Number         0  entry8b.o ABSOLUTE
    ../clib/microlib/init/entry.s            0x00000000   Number         0  entry11b.o ABSOLUTE
    ../clib/microlib/init/entry.s            0x00000000   Number         0  entry12a.o ABSOLUTE
    ../clib/microlib/init/entry.s            0x00000000   Number         0  entry.o ABSOLUTE
    ../clib/microlib/init/entry.s            0x00000000   Number         0  entry10a.o ABSOLUTE
    ../clib/microlib/longlong.c              0x00000000   Number         0  llshl.o ABSOLUTE
    ../clib/microlib/longlong.c              0x00000000   Number         0  llushr.o ABSOLUTE
    ../clib/microlib/longlong.c              0x00000000   Number         0  llsshr.o ABSOLUTE
    ../clib/microlib/printf/printf.c         0x00000000   Number         0  printf5.o ABSOLUTE
    ../clib/microlib/printf/printf.c         0x00000000   Number         0  printf4.o ABSOLUTE
    ../clib/microlib/printf/printf.c         0x00000000   Number         0  printf3.o ABSOLUTE
    ../clib/microlib/printf/printf.c         0x00000000   Number         0  printf2.o ABSOLUTE
    ../clib/microlib/printf/printf.c         0x00000000   Number         0  printf1.o ABSOLUTE
    ../clib/microlib/printf/printf.c         0x00000000   Number         0  printf0.o ABSOLUTE
    ../clib/microlib/printf/printf.c         0x00000000   Number         0  printfb.o ABSOLUTE
    ../clib/microlib/printf/printf.c         0x00000000   Number         0  printf6.o ABSOLUTE
    ../clib/microlib/printf/printf.c         0x00000000   Number         0  printf7.o ABSOLUTE
    ../clib/microlib/printf/printf.c         0x00000000   Number         0  printfa.o ABSOLUTE
    ../clib/microlib/printf/printf.c         0x00000000   Number         0  printf8.o ABSOLUTE
    ../clib/microlib/printf/stubs.s          0x00000000   Number         0  stubs.o ABSOLUTE
    ../clib/microlib/stdio/streams.c         0x00000000   Number         0  stdout.o ABSOLUTE
    ../clib/microlib/string/strstr.c         0x00000000   Number         0  strstr.o ABSOLUTE
    ../clib/microlib/stubs.s                 0x00000000   Number         0  iusefp.o ABSOLUTE
    ../clib/scanf.c                          0x00000000   Number         0  _strtoul.o ABSOLUTE
    ../clib/scanf.c                          0x00000000   Number         0  strtol.o ABSOLUTE
    ../clib/scanf.c                          0x00000000   Number         0  _chval.o ABSOLUTE
    ../clib/scanf.c                          0x00000000   Number         0  atoi.o ABSOLUTE
    ../fplib/microlib/d2f.c                  0x00000000   Number         0  d2f.o ABSOLUTE
    ../fplib/microlib/f2d.c                  0x00000000   Number         0  f2d.o ABSOLUTE
    ../fplib/microlib/fpadd.c                0x00000000   Number         0  dadd.o ABSOLUTE
    ../fplib/microlib/fpdiv.c                0x00000000   Number         0  ddiv.o ABSOLUTE
    ../fplib/microlib/fpdiv.c                0x00000000   Number         0  fdiv.o ABSOLUTE
    ../fplib/microlib/fpepilogue.c           0x00000000   Number         0  fepilogue.o ABSOLUTE
    ../fplib/microlib/fpepilogue.c           0x00000000   Number         0  depilogue.o ABSOLUTE
    ../fplib/microlib/fpfix.c                0x00000000   Number         0  dfixul.o ABSOLUTE
    ../fplib/microlib/fpfix.c                0x00000000   Number         0  dfixi.o ABSOLUTE
    ../fplib/microlib/fpfix.c                0x00000000   Number         0  ffixui.o ABSOLUTE
    ../fplib/microlib/fpfix.c                0x00000000   Number         0  ffixi.o ABSOLUTE
    ../fplib/microlib/fpflt.c                0x00000000   Number         0  dflti.o ABSOLUTE
    ../fplib/microlib/fpflt.c                0x00000000   Number         0  dfltui.o ABSOLUTE
    ../fplib/microlib/fpflt.c                0x00000000   Number         0  ffltui.o ABSOLUTE
    ../fplib/microlib/fpmul.c                0x00000000   Number         0  dmul.o ABSOLUTE
    ../fplib/microlib/fpmul.c                0x00000000   Number         0  fmul.o ABSOLUTE
    ../fplib/microlib/fpscalb.c              0x00000000   Number         0  dscalb.o ABSOLUTE
    ../mathlib/cos.c                         0x00000000   Number         0  cos.o ABSOLUTE
    ../mathlib/cos.c                         0x00000000   Number         0  cos_x.o ABSOLUTE
    ../mathlib/cos_i.c                       0x00000000   Number         0  cos_i.o ABSOLUTE
    ../mathlib/dunder.c                      0x00000000   Number         0  dunder.o ABSOLUTE
    ../mathlib/fpclassify.c                  0x00000000   Number         0  fpclassify.o ABSOLUTE
    ../mathlib/poly.c                        0x00000000   Number         0  poly.o ABSOLUTE
    ../mathlib/rred.c                        0x00000000   Number         0  rred.o ABSOLUTE
    ../mathlib/sin.c                         0x00000000   Number         0  sin_x.o ABSOLUTE
    ../mathlib/sin.c                         0x00000000   Number         0  sin.o ABSOLUTE
    ../mathlib/sin_i.c                       0x00000000   Number         0  sin_i_x.o ABSOLUTE
    ../mathlib/sin_i.c                       0x00000000   Number         0  sin_i.o ABSOLUTE
    ..\new2\main.c                           0x00000000   Number         0  main.o ABSOLUTE
    User\stm32f10x_it.c                      0x00000000   Number         0  stm32f10x_it.o ABSOLUTE
    at24c64.c                                0x00000000   Number         0  at24c64.o ABSOLUTE
    cdrcmple.s                               0x00000000   Number         0  cdrcmple.o ABSOLUTE
    cfcmple.s                                0x00000000   Number         0  cfcmple.o ABSOLUTE
    cfrcmple.s                               0x00000000   Number         0  cfrcmple.o ABSOLUTE
    dc.s                                     0x00000000   Number         0  dc.o ABSOLUTE
    delay.c                                  0x00000000   Number         0  delay.o ABSOLUTE
    font.c                                   0x00000000   Number         0  font.o ABSOLUTE
    handlers.s                               0x00000000   Number         0  handlers.o ABSOLUTE
    init.s                                   0x00000000   Number         0  init.o ABSOLUTE
    json_parser.c                            0x00000000   Number         0  json_parser.o ABSOLUTE
    key.c                                    0x00000000   Number         0  key.o ABSOLUTE
    led.c                                    0x00000000   Number         0  led.o ABSOLUTE
    library\misc.c                           0x00000000   Number         0  misc.o ABSOLUTE
    library\stm32f10x_adc.c                  0x00000000   Number         0  stm32f10x_adc.o ABSOLUTE
    library\stm32f10x_bkp.c                  0x00000000   Number         0  stm32f10x_bkp.o ABSOLUTE
    library\stm32f10x_can.c                  0x00000000   Number         0  stm32f10x_can.o ABSOLUTE
    library\stm32f10x_cec.c                  0x00000000   Number         0  stm32f10x_cec.o ABSOLUTE
    library\stm32f10x_crc.c                  0x00000000   Number         0  stm32f10x_crc.o ABSOLUTE
    library\stm32f10x_dac.c                  0x00000000   Number         0  stm32f10x_dac.o ABSOLUTE
    library\stm32f10x_dbgmcu.c               0x00000000   Number         0  stm32f10x_dbgmcu.o ABSOLUTE
    library\stm32f10x_dma.c                  0x00000000   Number         0  stm32f10x_dma.o ABSOLUTE
    library\stm32f10x_exti.c                 0x00000000   Number         0  stm32f10x_exti.o ABSOLUTE
    library\stm32f10x_flash.c                0x00000000   Number         0  stm32f10x_flash.o ABSOLUTE
    library\stm32f10x_fsmc.c                 0x00000000   Number         0  stm32f10x_fsmc.o ABSOLUTE
    library\stm32f10x_gpio.c                 0x00000000   Number         0  stm32f10x_gpio.o ABSOLUTE
    library\stm32f10x_i2c.c                  0x00000000   Number         0  stm32f10x_i2c.o ABSOLUTE
    library\stm32f10x_iwdg.c                 0x00000000   Number         0  stm32f10x_iwdg.o ABSOLUTE
    library\stm32f10x_pwr.c                  0x00000000   Number         0  stm32f10x_pwr.o ABSOLUTE
    library\stm32f10x_rcc.c                  0x00000000   Number         0  stm32f10x_rcc.o ABSOLUTE
    library\stm32f10x_rtc.c                  0x00000000   Number         0  stm32f10x_rtc.o ABSOLUTE
    library\stm32f10x_sdio.c                 0x00000000   Number         0  stm32f10x_sdio.o ABSOLUTE
    library\stm32f10x_spi.c                  0x00000000   Number         0  stm32f10x_spi.o ABSOLUTE
    library\stm32f10x_tim.c                  0x00000000   Number         0  stm32f10x_tim.o ABSOLUTE
    library\stm32f10x_usart.c                0x00000000   Number         0  stm32f10x_usart.o ABSOLUTE
    library\stm32f10x_wwdg.c                 0x00000000   Number         0  stm32f10x_wwdg.o ABSOLUTE
    oled.c                                   0x00000000   Number         0  oled.o ABSOLUTE
    servo.c                                  0x00000000   Number         0  servo.o ABSOLUTE
    start\\core_cm3.c                        0x00000000   Number         0  core_cm3.o ABSOLUTE
    start\core_cm3.c                         0x00000000   Number         0  core_cm3.o ABSOLUTE
    start\startup_stm32f10x_md.s             0x00000000   Number         0  startup_stm32f10x_md.o ABSOLUTE
    start\system_stm32f10x.c                 0x00000000   Number         0  system_stm32f10x.o ABSOLUTE
    ultrasonic.c                             0x00000000   Number         0  ultrasonic.o ABSOLUTE
    usart.c                                  0x00000000   Number         0  usart.o ABSOLUTE
    RESET                                    0x08000000   Section      236  startup_stm32f10x_md.o(RESET)
    .ARM.Collect$$$$00000000                 0x080000ec   Section        0  entry.o(.ARM.Collect$$$$00000000)
    .ARM.Collect$$$$00000001                 0x080000ec   Section        4  entry2.o(.ARM.Collect$$$$00000001)
    .ARM.Collect$$$$00000004                 0x080000f0   Section        4  entry5.o(.ARM.Collect$$$$00000004)
    .ARM.Collect$$$$00000008                 0x080000f4   Section        0  entry7b.o(.ARM.Collect$$$$00000008)
    .ARM.Collect$$$$0000000A                 0x080000f4   Section        0  entry8b.o(.ARM.Collect$$$$0000000A)
    .ARM.Collect$$$$0000000B                 0x080000f4   Section        8  entry9a.o(.ARM.Collect$$$$0000000B)
    .ARM.Collect$$$$0000000E                 0x080000fc   Section        4  entry12b.o(.ARM.Collect$$$$0000000E)
    .ARM.Collect$$$$0000000F                 0x08000100   Section        0  entry10a.o(.ARM.Collect$$$$0000000F)
    .ARM.Collect$$$$00000011                 0x08000100   Section        0  entry11a.o(.ARM.Collect$$$$00000011)
    .ARM.Collect$$$$00002712                 0x08000100   Section        4  entry2.o(.ARM.Collect$$$$00002712)
    __lit__00000000                          0x08000100   Data           4  entry2.o(.ARM.Collect$$$$00002712)
    .text                                    0x08000104   Section       36  startup_stm32f10x_md.o(.text)
    .text                                    0x08000128   Section        0  fmul.o(.text)
    .text                                    0x0800018c   Section        0  fdiv.o(.text)
    .text                                    0x08000208   Section        0  dmul.o(.text)
    .text                                    0x080002ec   Section        0  ddiv.o(.text)
    .text                                    0x080003ca   Section        0  ffltui.o(.text)
    .text                                    0x080003d4   Section        0  dflti.o(.text)
    .text                                    0x080003f6   Section        0  dfltui.o(.text)
    .text                                    0x08000410   Section        0  ffixi.o(.text)
    .text                                    0x08000442   Section        0  ffixui.o(.text)
    .text                                    0x0800046a   Section        0  dfixi.o(.text)
    .text                                    0x080004a8   Section        0  f2d.o(.text)
    .text                                    0x080004ce   Section        0  d2f.o(.text)
    .text                                    0x08000508   Section       20  cfcmple.o(.text)
    .text                                    0x0800051c   Section       20  cfrcmple.o(.text)
    .text                                    0x08000530   Section        0  uidiv.o(.text)
    .text                                    0x0800055c   Section        0  uldiv.o(.text)
    .text                                    0x080005be   Section        0  llushr.o(.text)
    .text                                    0x080005de   Section        0  fepilogue.o(.text)
    .text                                    0x080005de   Section        0  iusefp.o(.text)
    .text                                    0x0800064c   Section        0  depilogue.o(.text)
    .text                                    0x08000706   Section        0  dadd.o(.text)
    .text                                    0x08000854   Section        0  dfixul.o(.text)
    .text                                    0x08000884   Section       48  cdrcmple.o(.text)
    .text                                    0x080008b4   Section       36  init.o(.text)
    .text                                    0x080008d8   Section        0  llshl.o(.text)
    .text                                    0x080008f6   Section        0  llsshr.o(.text)
    .text                                    0x0800091a   Section        0  dscalb.o(.text)
    i.AT24C64_WriteByte                      0x08000948   Section        0  at24c64.o(i.AT24C64_WriteByte)
    i.AT24C64_Write_Data                     0x08000986   Section        0  at24c64.o(i.AT24C64_Write_Data)
    i.Auto_Scan                              0x080009ac   Section        0  main.o(i.Auto_Scan)
    i.BusFault_Handler                       0x08000aac   Section        0  stm32f10x_it.o(i.BusFault_Handler)
    i.Clear_Scan_Data                        0x08000ab0   Section        0  main.o(i.Clear_Scan_Data)
    i.DebugMon_Handler                       0x08000ae8   Section        0  stm32f10x_it.o(i.DebugMon_Handler)
    i.Delay_Init                             0x08000aec   Section        0  delay.o(i.Delay_Init)
    i.GPIO_Init                              0x08000b30   Section        0  stm32f10x_gpio.o(i.GPIO_Init)
    i.GPIO_ReadInputDataBit                  0x08000c46   Section        0  stm32f10x_gpio.o(i.GPIO_ReadInputDataBit)
    i.GPIO_ResetBits                         0x08000c58   Section        0  stm32f10x_gpio.o(i.GPIO_ResetBits)
    i.GPIO_SetBits                           0x08000c5c   Section        0  stm32f10x_gpio.o(i.GPIO_SetBits)
    i.HardFault_Handler                      0x08000c60   Section        0  stm32f10x_it.o(i.HardFault_Handler)
    i.I2C_SendByte                           0x08000c64   Section        0  oled.o(i.I2C_SendByte)
    i.I2C_Start                              0x08000cbc   Section        0  oled.o(i.I2C_Start)
    i.I2C_Stop                               0x08000cf0   Section        0  oled.o(i.I2C_Stop)
    i.I2C_WaitAck                            0x08000d24   Section        0  oled.o(i.I2C_WaitAck)
    i.Key_Init                               0x08000d4c   Section        0  key.o(i.Key_Init)
    i.Key_IsPressed                          0x08000d70   Section        0  key.o(i.Key_IsPressed)
    i.Key_Scan                               0x08000d88   Section        0  key.o(i.Key_Scan)
    i.LED_Init                               0x08000dc0   Section        0  led.o(i.LED_Init)
    i.LED_Off                                0x08000df8   Section        0  led.o(i.LED_Off)
    i.LED_On                                 0x08000e0c   Section        0  led.o(i.LED_On)
    i.Manual_Control                         0x08000e20   Section        0  main.o(i.Manual_Control)
    i.MemManage_Handler                      0x08000ef0   Section        0  stm32f10x_it.o(i.MemManage_Handler)
    i.NMI_Handler                            0x08000ef4   Section        0  stm32f10x_it.o(i.NMI_Handler)
    i.OLED_Clear                             0x08000ef8   Section        0  oled.o(i.OLED_Clear)
    i.OLED_Display                           0x08000f18   Section        0  main.o(i.OLED_Display)
    i.OLED_DrawCircle                        0x08001044   Section        0  oled.o(i.OLED_DrawCircle)
    i.OLED_DrawLine                          0x080010f0   Section        0  oled.o(i.OLED_DrawLine)
    i.OLED_DrawPoint                         0x08001178   Section        0  oled.o(i.OLED_DrawPoint)
    i.OLED_DrawRadar                         0x080011d0   Section        0  oled.o(i.OLED_DrawRadar)
    i.OLED_DrawRadarDisplay                  0x08001538   Section        0  main.o(i.OLED_DrawRadarDisplay)
    i.OLED_Flush                             0x080015e4   Section        0  oled.o(i.OLED_Flush)
    OLED_Flush                               0x080015e5   Thumb Code    48  oled.o(i.OLED_Flush)
    i.OLED_Init                              0x08001618   Section        0  oled.o(i.OLED_Init)
    i.OLED_Refresh                           0x080016f4   Section        0  oled.o(i.OLED_Refresh)
    i.OLED_SetPagePos                        0x080016fc   Section        0  oled.o(i.OLED_SetPagePos)
    OLED_SetPagePos                          0x080016fd   Thumb Code    36  oled.o(i.OLED_SetPagePos)
    i.OLED_ShowChar                          0x08001720   Section        0  oled.o(i.OLED_ShowChar)
    i.OLED_ShowString                        0x080017a4   Section        0  oled.o(i.OLED_ShowString)
    i.OLED_WriteCmd                          0x080017de   Section        0  oled.o(i.OLED_WriteCmd)
    OLED_WriteCmd                            0x080017df   Thumb Code    44  oled.o(i.OLED_WriteCmd)
    i.OLED_WriteData                         0x0800180a   Section        0  oled.o(i.OLED_WriteData)
    OLED_WriteData                           0x0800180b   Thumb Code    44  oled.o(i.OLED_WriteData)
    i.PendSV_Handler                         0x08001836   Section        0  stm32f10x_it.o(i.PendSV_Handler)
    i.RCC_APB1PeriphClockCmd                 0x08001838   Section        0  stm32f10x_rcc.o(i.RCC_APB1PeriphClockCmd)
    i.RCC_APB2PeriphClockCmd                 0x08001858   Section        0  stm32f10x_rcc.o(i.RCC_APB2PeriphClockCmd)
    i.RCC_GetClocksFreq                      0x08001878   Section        0  stm32f10x_rcc.o(i.RCC_GetClocksFreq)
    i.SVC_Handler                            0x0800194c   Section        0  stm32f10x_it.o(i.SVC_Handler)
    i.Send_Data_To_NodeRED                   0x08001950   Section        0  main.o(i.Send_Data_To_NodeRED)
    i.Servo_Init                             0x080019dc   Section        0  servo.o(i.Servo_Init)
    i.Servo_SetAngle                         0x08001a84   Section        0  servo.o(i.Servo_SetAngle)
    i.SetSysClock                            0x08001aac   Section        0  system_stm32f10x.o(i.SetSysClock)
    SetSysClock                              0x08001aad   Thumb Code     8  system_stm32f10x.o(i.SetSysClock)
    i.SetSysClockTo72                        0x08001ab4   Section        0  system_stm32f10x.o(i.SetSysClockTo72)
    SetSysClockTo72                          0x08001ab5   Thumb Code   214  system_stm32f10x.o(i.SetSysClockTo72)
    i.SysTick_CLKSourceConfig                0x08001b94   Section        0  misc.o(i.SysTick_CLKSourceConfig)
    i.SysTick_Handler                        0x08001bbc   Section        0  stm32f10x_it.o(i.SysTick_Handler)
    i.SystemInit                             0x08001bc0   Section        0  system_stm32f10x.o(i.SystemInit)
    i.System_Init                            0x08001c20   Section        0  main.o(i.System_Init)
    i.TIM_Cmd                                0x08001c48   Section        0  stm32f10x_tim.o(i.TIM_Cmd)
    i.TIM_CtrlPWMOutputs                     0x08001c60   Section        0  stm32f10x_tim.o(i.TIM_CtrlPWMOutputs)
    i.TIM_GetCounter                         0x08001c7e   Section        0  stm32f10x_tim.o(i.TIM_GetCounter)
    i.TIM_OC1Init                            0x08001c84   Section        0  stm32f10x_tim.o(i.TIM_OC1Init)
    i.TIM_OC1PreloadConfig                   0x08001d1c   Section        0  stm32f10x_tim.o(i.TIM_OC1PreloadConfig)
    i.TIM_SetCompare1                        0x08001d2e   Section        0  stm32f10x_tim.o(i.TIM_SetCompare1)
    i.TIM_SetCounter                         0x08001d32   Section        0  stm32f10x_tim.o(i.TIM_SetCounter)
    i.TIM_TimeBaseInit                       0x08001d38   Section        0  stm32f10x_tim.o(i.TIM_TimeBaseInit)
    i.USART1_IRQHandler                      0x08001ddc   Section        0  usart.o(i.USART1_IRQHandler)
    i.USART1_Init                            0x08001e28   Section        0  usart.o(i.USART1_Init)
    i.USART1_SendByte                        0x08001eb0   Section        0  usart.o(i.USART1_SendByte)
    i.USART_ClearFlag                        0x08001ed0   Section        0  stm32f10x_usart.o(i.USART_ClearFlag)
    i.USART_ClearITPendingBit                0x08001ee2   Section        0  stm32f10x_usart.o(i.USART_ClearITPendingBit)
    i.USART_Cmd                              0x08001f00   Section        0  stm32f10x_usart.o(i.USART_Cmd)
    i.USART_GetFlagStatus                    0x08001f18   Section        0  stm32f10x_usart.o(i.USART_GetFlagStatus)
    i.USART_GetITStatus                      0x08001f32   Section        0  stm32f10x_usart.o(i.USART_GetITStatus)
    i.USART_Init                             0x08001f88   Section        0  stm32f10x_usart.o(i.USART_Init)
    i.USART_ReceiveData                      0x08002060   Section        0  stm32f10x_usart.o(i.USART_ReceiveData)
    i.USART_SendData                         0x0800206a   Section        0  stm32f10x_usart.o(i.USART_SendData)
    i.Ultrasonic_GetDistance                 0x08002074   Section        0  ultrasonic.o(i.Ultrasonic_GetDistance)
    i.Ultrasonic_Init                        0x08002118   Section        0  ultrasonic.o(i.Ultrasonic_Init)
    i.UsageFault_Handler                     0x0800218c   Section        0  stm32f10x_it.o(i.UsageFault_Handler)
    i.__0printf                              0x08002190   Section        0  printfa.o(i.__0printf)
    i.__0sprintf                             0x080021b0   Section        0  printfa.o(i.__0sprintf)
    i.__ARM_fpclassify                       0x080021d8   Section        0  fpclassify.o(i.__ARM_fpclassify)
    i.__ieee754_rem_pio2                     0x08002200   Section        0  rred.o(i.__ieee754_rem_pio2)
    i.__kernel_cos                           0x08002588   Section        0  cos_i.o(i.__kernel_cos)
    i.__kernel_poly                          0x08002684   Section        0  poly.o(i.__kernel_poly)
    i.__kernel_sin                           0x08002730   Section        0  sin_i.o(i.__kernel_sin)
    i.__mathlib_dbl_infnan                   0x0800281c   Section        0  dunder.o(i.__mathlib_dbl_infnan)
    i.__mathlib_dbl_invalid                  0x08002822   Section        0  dunder.o(i.__mathlib_dbl_invalid)
    i.__mathlib_dbl_underflow                0x08002830   Section        0  dunder.o(i.__mathlib_dbl_underflow)
    i.__scatterload_copy                     0x08002840   Section       14  handlers.o(i.__scatterload_copy)
    i.__scatterload_null                     0x0800284e   Section        2  handlers.o(i.__scatterload_null)
    i.__scatterload_zeroinit                 0x08002850   Section       14  handlers.o(i.__scatterload_zeroinit)
    i.__set_errno                            0x08002860   Section        0  errno.o(i.__set_errno)
    i._fp_digits                             0x0800286c   Section        0  printfa.o(i._fp_digits)
    _fp_digits                               0x0800286d   Thumb Code   366  printfa.o(i._fp_digits)
    i._printf_core                           0x080029f0   Section        0  printfa.o(i._printf_core)
    _printf_core                             0x080029f1   Thumb Code  1704  printfa.o(i._printf_core)
    i._printf_post_padding                   0x080030a4   Section        0  printfa.o(i._printf_post_padding)
    _printf_post_padding                     0x080030a5   Thumb Code    36  printfa.o(i._printf_post_padding)
    i._printf_pre_padding                    0x080030c8   Section        0  printfa.o(i._printf_pre_padding)
    _printf_pre_padding                      0x080030c9   Thumb Code    46  printfa.o(i._printf_pre_padding)
    i._sputc                                 0x080030f6   Section        0  printfa.o(i._sputc)
    _sputc                                   0x080030f7   Thumb Code    10  printfa.o(i._sputc)
    i.cos                                    0x08003100   Section        0  cos.o(i.cos)
    i.delay_ms                               0x0800319c   Section        0  delay.o(i.delay_ms)
    i.delay_us                               0x08003244   Section        0  delay.o(i.delay_us)
    i.fputc                                  0x08003290   Section        0  usart.o(i.fputc)
    i.main                                   0x080032a0   Section        0  main.o(i.main)
    i.sin                                    0x08003378   Section        0  sin.o(i.sin)
    .constdata                               0x08003418   Section     1520  font.o(.constdata)
    .constdata                               0x08003a08   Section       48  cos_i.o(.constdata)
    C                                        0x08003a08   Data          48  cos_i.o(.constdata)
    .constdata                               0x08003a38   Section      200  rred.o(.constdata)
    pio2s                                    0x08003a38   Data          48  rred.o(.constdata)
    twooverpi                                0x08003a68   Data         152  rred.o(.constdata)
    .constdata                               0x08003b00   Section       40  sin_i.o(.constdata)
    S                                        0x08003b00   Data          40  sin_i.o(.constdata)
    .data                                    0x20000000   Section       25  main.o(.data)
    direction                                0x2000000d   Data           1  main.o(.data)
    angle                                    0x2000000e   Data           2  main.o(.data)
    key_state                                0x20000010   Data           1  main.o(.data)
    last_angle                               0x20000012   Data           2  main.o(.data)
    last_distance                            0x20000014   Data           4  main.o(.data)
    last_warning                             0x20000018   Data           1  main.o(.data)
    .data                                    0x2000001a   Section        4  delay.o(.data)
    fac_us                                   0x2000001a   Data           1  delay.o(.data)
    fac_ms                                   0x2000001c   Data           2  delay.o(.data)
    .data                                    0x2000001e   Section       20  stm32f10x_rcc.o(.data)
    APBAHBPrescTable                         0x2000001e   Data          16  stm32f10x_rcc.o(.data)
    ADCPrescTable                            0x2000002e   Data           4  stm32f10x_rcc.o(.data)
    .data                                    0x20000034   Section       20  system_stm32f10x.o(.data)
    .data                                    0x20000048   Section        4  stdout.o(.data)
    .data                                    0x2000004c   Section        4  errno.o(.data)
    _errno                                   0x2000004c   Data           4  errno.o(.data)
    .bss                                     0x20000050   Section      542  main.o(.bss)
    .bss                                     0x2000026e   Section     1024  oled.o(.bss)
    STACK                                    0x20000670   Section     1024  startup_stm32f10x_md.o(STACK)

    Global Symbols

    Symbol Name                              Value     Ov Type        Size  Object(Section)

    BuildAttributes$$THM_ISAv4$P$D$K$B$S$PE$A:L22UL41UL21$X:L11$S22US41US21$IEEE1$IW$USESV6$~STKCKD$USESV7$~SHL$OTIME$ROPI$IEEEX$EBA8$MICROLIB$REQ8$PRES8$EABIv2 0x00000000   Number         0  anon$$obj.o ABSOLUTE
    __ARM_use_no_argv                        0x00000000   Number         0  main.o ABSOLUTE
    _printf_a                                0x00000000   Number         0  stubs.o ABSOLUTE
    _printf_c                                0x00000000   Number         0  stubs.o ABSOLUTE
    _printf_charcount                        0x00000000   Number         0  stubs.o ABSOLUTE
    _printf_d                                0x00000000   Number         0  stubs.o ABSOLUTE
    _printf_e                                0x00000000   Number         0  stubs.o ABSOLUTE
    _printf_f                                0x00000000   Number         0  stubs.o ABSOLUTE
    _printf_flags                            0x00000000   Number         0  stubs.o ABSOLUTE
    _printf_fp_dec                           0x00000000   Number         0  stubs.o ABSOLUTE
    _printf_fp_hex                           0x00000000   Number         0  stubs.o ABSOLUTE
    _printf_g                                0x00000000   Number         0  stubs.o ABSOLUTE
    _printf_i                                0x00000000   Number         0  stubs.o ABSOLUTE
    _printf_int_dec                          0x00000000   Number         0  stubs.o ABSOLUTE
    _printf_l                                0x00000000   Number         0  stubs.o ABSOLUTE
    _printf_lc                               0x00000000   Number         0  stubs.o ABSOLUTE
    _printf_ll                               0x00000000   Number         0  stubs.o ABSOLUTE
    _printf_lld                              0x00000000   Number         0  stubs.o ABSOLUTE
    _printf_lli                              0x00000000   Number         0  stubs.o ABSOLUTE
    _printf_llo                              0x00000000   Number         0  stubs.o ABSOLUTE
    _printf_llu                              0x00000000   Number         0  stubs.o ABSOLUTE
    _printf_llx                              0x00000000   Number         0  stubs.o ABSOLUTE
    _printf_longlong_dec                     0x00000000   Number         0  stubs.o ABSOLUTE
    _printf_longlong_hex                     0x00000000   Number         0  stubs.o ABSOLUTE
    _printf_longlong_oct                     0x00000000   Number         0  stubs.o ABSOLUTE
    _printf_ls                               0x00000000   Number         0  stubs.o ABSOLUTE
    _printf_mbtowc                           0x00000000   Number         0  stubs.o ABSOLUTE
    _printf_n                                0x00000000   Number         0  stubs.o ABSOLUTE
    _printf_o                                0x00000000   Number         0  stubs.o ABSOLUTE
    _printf_p                                0x00000000   Number         0  stubs.o ABSOLUTE
    _printf_percent                          0x00000000   Number         0  stubs.o ABSOLUTE
    _printf_pre_padding                      0x00000000   Number         0  stubs.o ABSOLUTE
    _printf_return_value                     0x00000000   Number         0  stubs.o ABSOLUTE
    _printf_s                                0x00000000   Number         0  stubs.o ABSOLUTE
    _printf_sizespec                         0x00000000   Number         0  stubs.o ABSOLUTE
    _printf_str                              0x00000000   Number         0  stubs.o ABSOLUTE
    _printf_truncate_signed                  0x00000000   Number         0  stubs.o ABSOLUTE
    _printf_truncate_unsigned                0x00000000   Number         0  stubs.o ABSOLUTE
    _printf_u                                0x00000000   Number         0  stubs.o ABSOLUTE
    _printf_wc                               0x00000000   Number         0  stubs.o ABSOLUTE
    _printf_wctomb                           0x00000000   Number         0  stubs.o ABSOLUTE
    _printf_widthprec                        0x00000000   Number         0  stubs.o ABSOLUTE
    _printf_x                                0x00000000   Number         0  stubs.o ABSOLUTE
    __arm_fini_                               - Undefined Weak Reference
    __cpp_initialize__aeabi_                  - Undefined Weak Reference
    __cxa_finalize                            - Undefined Weak Reference
    __decompress                              - Undefined Weak Reference
    _clock_init                               - Undefined Weak Reference
    _microlib_exit                            - Undefined Weak Reference
    __Vectors_Size                           0x000000ec   Number         0  startup_stm32f10x_md.o ABSOLUTE
    __Vectors                                0x08000000   Data           4  startup_stm32f10x_md.o(RESET)
    __Vectors_End                            0x080000ec   Data           0  startup_stm32f10x_md.o(RESET)
    __main                                   0x080000ed   Thumb Code     0  entry.o(.ARM.Collect$$$$00000000)
    _main_stk                                0x080000ed   Thumb Code     0  entry2.o(.ARM.Collect$$$$00000001)
    _main_scatterload                        0x080000f1   Thumb Code     0  entry5.o(.ARM.Collect$$$$00000004)
    __main_after_scatterload                 0x080000f5   Thumb Code     0  entry5.o(.ARM.Collect$$$$00000004)
    _main_clock                              0x080000f5   Thumb Code     0  entry7b.o(.ARM.Collect$$$$00000008)
    _main_cpp_init                           0x080000f5   Thumb Code     0  entry8b.o(.ARM.Collect$$$$0000000A)
    _main_init                               0x080000f5   Thumb Code     0  entry9a.o(.ARM.Collect$$$$0000000B)
    __rt_lib_shutdown_fini                   0x080000fd   Thumb Code     0  entry12b.o(.ARM.Collect$$$$0000000E)
    __rt_final_cpp                           0x08000101   Thumb Code     0  entry10a.o(.ARM.Collect$$$$0000000F)
    __rt_final_exit                          0x08000101   Thumb Code     0  entry11a.o(.ARM.Collect$$$$00000011)
    Reset_Handler                            0x08000105   Thumb Code     8  startup_stm32f10x_md.o(.text)
    ADC1_2_IRQHandler                        0x0800011f   Thumb Code     0  startup_stm32f10x_md.o(.text)
    CAN1_RX1_IRQHandler                      0x0800011f   Thumb Code     0  startup_stm32f10x_md.o(.text)
    CAN1_SCE_IRQHandler                      0x0800011f   Thumb Code     0  startup_stm32f10x_md.o(.text)
    DMA1_Channel1_IRQHandler                 0x0800011f   Thumb Code     0  startup_stm32f10x_md.o(.text)
    DMA1_Channel2_IRQHandler                 0x0800011f   Thumb Code     0  startup_stm32f10x_md.o(.text)
    DMA1_Channel3_IRQHandler                 0x0800011f   Thumb Code     0  startup_stm32f10x_md.o(.text)
    DMA1_Channel4_IRQHandler                 0x0800011f   Thumb Code     0  startup_stm32f10x_md.o(.text)
    DMA1_Channel5_IRQHandler                 0x0800011f   Thumb Code     0  startup_stm32f10x_md.o(.text)
    DMA1_Channel6_IRQHandler                 0x0800011f   Thumb Code     0  startup_stm32f10x_md.o(.text)
    DMA1_Channel7_IRQHandler                 0x0800011f   Thumb Code     0  startup_stm32f10x_md.o(.text)
    EXTI0_IRQHandler                         0x0800011f   Thumb Code     0  startup_stm32f10x_md.o(.text)
    EXTI15_10_IRQHandler                     0x0800011f   Thumb Code     0  startup_stm32f10x_md.o(.text)
    EXTI1_IRQHandler                         0x0800011f   Thumb Code     0  startup_stm32f10x_md.o(.text)
    EXTI2_IRQHandler                         0x0800011f   Thumb Code     0  startup_stm32f10x_md.o(.text)
    EXTI3_IRQHandler                         0x0800011f   Thumb Code     0  startup_stm32f10x_md.o(.text)
    EXTI4_IRQHandler                         0x0800011f   Thumb Code     0  startup_stm32f10x_md.o(.text)
    EXTI9_5_IRQHandler                       0x0800011f   Thumb Code     0  startup_stm32f10x_md.o(.text)
    FLASH_IRQHandler                         0x0800011f   Thumb Code     0  startup_stm32f10x_md.o(.text)
    I2C1_ER_IRQHandler                       0x0800011f   Thumb Code     0  startup_stm32f10x_md.o(.text)
    I2C1_EV_IRQHandler                       0x0800011f   Thumb Code     0  startup_stm32f10x_md.o(.text)
    I2C2_ER_IRQHandler                       0x0800011f   Thumb Code     0  startup_stm32f10x_md.o(.text)
    I2C2_EV_IRQHandler                       0x0800011f   Thumb Code     0  startup_stm32f10x_md.o(.text)
    PVD_IRQHandler                           0x0800011f   Thumb Code     0  startup_stm32f10x_md.o(.text)
    RCC_IRQHandler                           0x0800011f   Thumb Code     0  startup_stm32f10x_md.o(.text)
    RTCAlarm_IRQHandler                      0x0800011f   Thumb Code     0  startup_stm32f10x_md.o(.text)
    RTC_IRQHandler                           0x0800011f   Thumb Code     0  startup_stm32f10x_md.o(.text)
    SPI1_IRQHandler                          0x0800011f   Thumb Code     0  startup_stm32f10x_md.o(.text)
    SPI2_IRQHandler                          0x0800011f   Thumb Code     0  startup_stm32f10x_md.o(.text)
    TAMPER_IRQHandler                        0x0800011f   Thumb Code     0  startup_stm32f10x_md.o(.text)
    TIM1_BRK_IRQHandler                      0x0800011f   Thumb Code     0  startup_stm32f10x_md.o(.text)
    TIM1_CC_IRQHandler                       0x0800011f   Thumb Code     0  startup_stm32f10x_md.o(.text)
    TIM1_TRG_COM_IRQHandler                  0x0800011f   Thumb Code     0  startup_stm32f10x_md.o(.text)
    TIM1_UP_IRQHandler                       0x0800011f   Thumb Code     0  startup_stm32f10x_md.o(.text)
    TIM2_IRQHandler                          0x0800011f   Thumb Code     0  startup_stm32f10x_md.o(.text)
    TIM3_IRQHandler                          0x0800011f   Thumb Code     0  startup_stm32f10x_md.o(.text)
    TIM4_IRQHandler                          0x0800011f   Thumb Code     0  startup_stm32f10x_md.o(.text)
    USART2_IRQHandler                        0x0800011f   Thumb Code     0  startup_stm32f10x_md.o(.text)
    USART3_IRQHandler                        0x0800011f   Thumb Code     0  startup_stm32f10x_md.o(.text)
    USBWakeUp_IRQHandler                     0x0800011f   Thumb Code     0  startup_stm32f10x_md.o(.text)
    USB_HP_CAN1_TX_IRQHandler                0x0800011f   Thumb Code     0  startup_stm32f10x_md.o(.text)
    USB_LP_CAN1_RX0_IRQHandler               0x0800011f   Thumb Code     0  startup_stm32f10x_md.o(.text)
    WWDG_IRQHandler                          0x0800011f   Thumb Code     0  startup_stm32f10x_md.o(.text)
    __aeabi_fmul                             0x08000129   Thumb Code   100  fmul.o(.text)
    __aeabi_fdiv                             0x0800018d   Thumb Code   124  fdiv.o(.text)
    __aeabi_dmul                             0x08000209   Thumb Code   228  dmul.o(.text)
    __aeabi_ddiv                             0x080002ed   Thumb Code   222  ddiv.o(.text)
    __aeabi_ui2f                             0x080003cb   Thumb Code    10  ffltui.o(.text)
    __aeabi_i2d                              0x080003d5   Thumb Code    34  dflti.o(.text)
    __aeabi_ui2d                             0x080003f7   Thumb Code    26  dfltui.o(.text)
    __aeabi_f2iz                             0x08000411   Thumb Code    50  ffixi.o(.text)
    __aeabi_f2uiz                            0x08000443   Thumb Code    40  ffixui.o(.text)
    __aeabi_d2iz                             0x0800046b   Thumb Code    62  dfixi.o(.text)
    __aeabi_f2d                              0x080004a9   Thumb Code    38  f2d.o(.text)
    __aeabi_d2f                              0x080004cf   Thumb Code    56  d2f.o(.text)
    __aeabi_cfcmpeq                          0x08000509   Thumb Code     0  cfcmple.o(.text)
    __aeabi_cfcmple                          0x08000509   Thumb Code    20  cfcmple.o(.text)
    __aeabi_cfrcmple                         0x0800051d   Thumb Code    20  cfrcmple.o(.text)
    __aeabi_uidiv                            0x08000531   Thumb Code     0  uidiv.o(.text)
    __aeabi_uidivmod                         0x08000531   Thumb Code    44  uidiv.o(.text)
    __aeabi_uldivmod                         0x0800055d   Thumb Code    98  uldiv.o(.text)
    __aeabi_llsr                             0x080005bf   Thumb Code    32  llushr.o(.text)
    _ll_ushift_r                             0x080005bf   Thumb Code     0  llushr.o(.text)
    __I$use$fp                               0x080005df   Thumb Code     0  iusefp.o(.text)
    _float_round                             0x080005df   Thumb Code    18  fepilogue.o(.text)
    _float_epilogue                          0x080005f1   Thumb Code    92  fepilogue.o(.text)
    _double_round                            0x0800064d   Thumb Code    30  depilogue.o(.text)
    _double_epilogue                         0x0800066b   Thumb Code   156  depilogue.o(.text)
    __aeabi_dadd                             0x08000707   Thumb Code   322  dadd.o(.text)
    __aeabi_dsub                             0x08000849   Thumb Code     6  dadd.o(.text)
    __aeabi_drsub                            0x0800084f   Thumb Code     6  dadd.o(.text)
    __aeabi_d2ulz                            0x08000855   Thumb Code    48  dfixul.o(.text)
    __aeabi_cdrcmple                         0x08000885   Thumb Code    48  cdrcmple.o(.text)
    __scatterload                            0x080008b5   Thumb Code    28  init.o(.text)
    __scatterload_rt2                        0x080008b5   Thumb Code     0  init.o(.text)
    __aeabi_llsl                             0x080008d9   Thumb Code    30  llshl.o(.text)
    _ll_shift_l                              0x080008d9   Thumb Code     0  llshl.o(.text)
    __aeabi_lasr                             0x080008f7   Thumb Code    36  llsshr.o(.text)
    _ll_sshift_r                             0x080008f7   Thumb Code     0  llsshr.o(.text)
    __ARM_scalbn                             0x0800091b   Thumb Code    46  dscalb.o(.text)
    scalbn                                   0x0800091b   Thumb Code     0  dscalb.o(.text)
    AT24C64_WriteByte                        0x08000949   Thumb Code    62  at24c64.o(i.AT24C64_WriteByte)
    AT24C64_Write_Data                       0x08000987   Thumb Code    36  at24c64.o(i.AT24C64_Write_Data)
    Auto_Scan                                0x080009ad   Thumb Code   194  main.o(i.Auto_Scan)
    BusFault_Handler                         0x08000aad   Thumb Code     4  stm32f10x_it.o(i.BusFault_Handler)
    Clear_Scan_Data                          0x08000ab1   Thumb Code    44  main.o(i.Clear_Scan_Data)
    DebugMon_Handler                         0x08000ae9   Thumb Code     2  stm32f10x_it.o(i.DebugMon_Handler)
    Delay_Init                               0x08000aed   Thumb Code    50  delay.o(i.Delay_Init)
    GPIO_Init                                0x08000b31   Thumb Code   278  stm32f10x_gpio.o(i.GPIO_Init)
    GPIO_ReadInputDataBit                    0x08000c47   Thumb Code    18  stm32f10x_gpio.o(i.GPIO_ReadInputDataBit)
    GPIO_ResetBits                           0x08000c59   Thumb Code     4  stm32f10x_gpio.o(i.GPIO_ResetBits)
    GPIO_SetBits                             0x08000c5d   Thumb Code     4  stm32f10x_gpio.o(i.GPIO_SetBits)
    HardFault_Handler                        0x08000c61   Thumb Code     4  stm32f10x_it.o(i.HardFault_Handler)
    I2C_SendByte                             0x08000c65   Thumb Code    82  oled.o(i.I2C_SendByte)
    I2C_Start                                0x08000cbd   Thumb Code    48  oled.o(i.I2C_Start)
    I2C_Stop                                 0x08000cf1   Thumb Code    48  oled.o(i.I2C_Stop)
    I2C_WaitAck                              0x08000d25   Thumb Code    34  oled.o(i.I2C_WaitAck)
    Key_Init                                 0x08000d4d   Thumb Code    32  key.o(i.Key_Init)
    Key_IsPressed                            0x08000d71   Thumb Code    20  key.o(i.Key_IsPressed)
    Key_Scan                                 0x08000d89   Thumb Code    50  key.o(i.Key_Scan)
    LED_Init                                 0x08000dc1   Thumb Code    50  led.o(i.LED_Init)
    LED_Off                                  0x08000df9   Thumb Code    14  led.o(i.LED_Off)
    LED_On                                   0x08000e0d   Thumb Code    14  led.o(i.LED_On)
    Manual_Control                           0x08000e21   Thumb Code   178  main.o(i.Manual_Control)
    MemManage_Handler                        0x08000ef1   Thumb Code     4  stm32f10x_it.o(i.MemManage_Handler)
    NMI_Handler                              0x08000ef5   Thumb Code     2  stm32f10x_it.o(i.NMI_Handler)
    OLED_Clear                               0x08000ef9   Thumb Code    28  oled.o(i.OLED_Clear)
    OLED_Display                             0x08000f19   Thumb Code   198  main.o(i.OLED_Display)
    OLED_DrawCircle                          0x08001045   Thumb Code   172  oled.o(i.OLED_DrawCircle)
    OLED_DrawLine                            0x080010f1   Thumb Code   136  oled.o(i.OLED_DrawLine)
    OLED_DrawPoint                           0x08001179   Thumb Code    82  oled.o(i.OLED_DrawPoint)
    OLED_DrawRadar                           0x080011d1   Thumb Code   854  oled.o(i.OLED_DrawRadar)
    OLED_DrawRadarDisplay                    0x08001539   Thumb Code   136  main.o(i.OLED_DrawRadarDisplay)
    OLED_Init                                0x08001619   Thumb Code   214  oled.o(i.OLED_Init)
    OLED_Refresh                             0x080016f5   Thumb Code     8  oled.o(i.OLED_Refresh)
    OLED_ShowChar                            0x08001721   Thumb Code   122  oled.o(i.OLED_ShowChar)
    OLED_ShowString                          0x080017a5   Thumb Code    58  oled.o(i.OLED_ShowString)
    PendSV_Handler                           0x08001837   Thumb Code     2  stm32f10x_it.o(i.PendSV_Handler)
    RCC_APB1PeriphClockCmd                   0x08001839   Thumb Code    26  stm32f10x_rcc.o(i.RCC_APB1PeriphClockCmd)
    RCC_APB2PeriphClockCmd                   0x08001859   Thumb Code    26  stm32f10x_rcc.o(i.RCC_APB2PeriphClockCmd)
    RCC_GetClocksFreq                        0x08001879   Thumb Code   192  stm32f10x_rcc.o(i.RCC_GetClocksFreq)
    SVC_Handler                              0x0800194d   Thumb Code     2  stm32f10x_it.o(i.SVC_Handler)
    Send_Data_To_NodeRED                     0x08001951   Thumb Code    56  main.o(i.Send_Data_To_NodeRED)
    Servo_Init                               0x080019dd   Thumb Code   158  servo.o(i.Servo_Init)
    Servo_SetAngle                           0x08001a85   Thumb Code    34  servo.o(i.Servo_SetAngle)
    SysTick_CLKSourceConfig                  0x08001b95   Thumb Code    40  misc.o(i.SysTick_CLKSourceConfig)
    SysTick_Handler                          0x08001bbd   Thumb Code     2  stm32f10x_it.o(i.SysTick_Handler)
    SystemInit                               0x08001bc1   Thumb Code    78  system_stm32f10x.o(i.SystemInit)
    System_Init                              0x08001c21   Thumb Code    40  main.o(i.System_Init)
    TIM_Cmd                                  0x08001c49   Thumb Code    24  stm32f10x_tim.o(i.TIM_Cmd)
    TIM_CtrlPWMOutputs                       0x08001c61   Thumb Code    30  stm32f10x_tim.o(i.TIM_CtrlPWMOutputs)
    TIM_GetCounter                           0x08001c7f   Thumb Code     6  stm32f10x_tim.o(i.TIM_GetCounter)
    TIM_OC1Init                              0x08001c85   Thumb Code   132  stm32f10x_tim.o(i.TIM_OC1Init)
    TIM_OC1PreloadConfig                     0x08001d1d   Thumb Code    18  stm32f10x_tim.o(i.TIM_OC1PreloadConfig)
    TIM_SetCompare1                          0x08001d2f   Thumb Code     4  stm32f10x_tim.o(i.TIM_SetCompare1)
    TIM_SetCounter                           0x08001d33   Thumb Code     4  stm32f10x_tim.o(i.TIM_SetCounter)
    TIM_TimeBaseInit                         0x08001d39   Thumb Code   122  stm32f10x_tim.o(i.TIM_TimeBaseInit)
    USART1_IRQHandler                        0x08001ddd   Thumb Code    66  usart.o(i.USART1_IRQHandler)
    USART1_Init                              0x08001e29   Thumb Code   128  usart.o(i.USART1_Init)
    USART1_SendByte                          0x08001eb1   Thumb Code    28  usart.o(i.USART1_SendByte)
    USART_ClearFlag                          0x08001ed1   Thumb Code    18  stm32f10x_usart.o(i.USART_ClearFlag)
    USART_ClearITPendingBit                  0x08001ee3   Thumb Code    30  stm32f10x_usart.o(i.USART_ClearITPendingBit)
    USART_Cmd                                0x08001f01   Thumb Code    24  stm32f10x_usart.o(i.USART_Cmd)
    USART_GetFlagStatus                      0x08001f19   Thumb Code    26  stm32f10x_usart.o(i.USART_GetFlagStatus)
    USART_GetITStatus                        0x08001f33   Thumb Code    84  stm32f10x_usart.o(i.USART_GetITStatus)
    USART_Init                               0x08001f89   Thumb Code   210  stm32f10x_usart.o(i.USART_Init)
    USART_ReceiveData                        0x08002061   Thumb Code    10  stm32f10x_usart.o(i.USART_ReceiveData)
    USART_SendData                           0x0800206b   Thumb Code     8  stm32f10x_usart.o(i.USART_SendData)
    Ultrasonic_GetDistance                   0x08002075   Thumb Code   144  ultrasonic.o(i.Ultrasonic_GetDistance)
    Ultrasonic_Init                          0x08002119   Thumb Code   106  ultrasonic.o(i.Ultrasonic_Init)
    UsageFault_Handler                       0x0800218d   Thumb Code     4  stm32f10x_it.o(i.UsageFault_Handler)
    __0printf                                0x08002191   Thumb Code    22  printfa.o(i.__0printf)
    __1printf                                0x08002191   Thumb Code     0  printfa.o(i.__0printf)
    __2printf                                0x08002191   Thumb Code     0  printfa.o(i.__0printf)
    __c89printf                              0x08002191   Thumb Code     0  printfa.o(i.__0printf)
    printf                                   0x08002191   Thumb Code     0  printfa.o(i.__0printf)
    __0sprintf                               0x080021b1   Thumb Code    34  printfa.o(i.__0sprintf)
    __1sprintf                               0x080021b1   Thumb Code     0  printfa.o(i.__0sprintf)
    __2sprintf                               0x080021b1   Thumb Code     0  printfa.o(i.__0sprintf)
    __c89sprintf                             0x080021b1   Thumb Code     0  printfa.o(i.__0sprintf)
    sprintf                                  0x080021b1   Thumb Code     0  printfa.o(i.__0sprintf)
    __ARM_fpclassify                         0x080021d9   Thumb Code    40  fpclassify.o(i.__ARM_fpclassify)
    __ieee754_rem_pio2                       0x08002201   Thumb Code   828  rred.o(i.__ieee754_rem_pio2)
    __kernel_cos                             0x08002589   Thumb Code   230  cos_i.o(i.__kernel_cos)
    __kernel_poly                            0x08002685   Thumb Code   170  poly.o(i.__kernel_poly)
    __kernel_sin                             0x08002731   Thumb Code   224  sin_i.o(i.__kernel_sin)
    __mathlib_dbl_infnan                     0x0800281d   Thumb Code     6  dunder.o(i.__mathlib_dbl_infnan)
    __mathlib_dbl_invalid                    0x08002823   Thumb Code    12  dunder.o(i.__mathlib_dbl_invalid)
    __mathlib_dbl_underflow                  0x08002831   Thumb Code    10  dunder.o(i.__mathlib_dbl_underflow)
    __scatterload_copy                       0x08002841   Thumb Code    14  handlers.o(i.__scatterload_copy)
    __scatterload_null                       0x0800284f   Thumb Code     2  handlers.o(i.__scatterload_null)
    __scatterload_zeroinit                   0x08002851   Thumb Code    14  handlers.o(i.__scatterload_zeroinit)
    __set_errno                              0x08002861   Thumb Code     6  errno.o(i.__set_errno)
    cos                                      0x08003101   Thumb Code   148  cos.o(i.cos)
    delay_ms                                 0x0800319d   Thumb Code   160  delay.o(i.delay_ms)
    delay_us                                 0x08003245   Thumb Code    72  delay.o(i.delay_us)
    fputc                                    0x08003291   Thumb Code    16  usart.o(i.fputc)
    main                                     0x080032a1   Thumb Code   166  main.o(i.main)
    sin                                      0x08003379   Thumb Code   150  sin.o(i.sin)
    F8X16                                    0x08003418   Data        1520  font.o(.constdata)
    Region$$Table$$Base                      0x08003b28   Number         0  anon$$obj.o(Region$$Table)
    Region$$Table$$Limit                     0x08003b48   Number         0  anon$$obj.o(Region$$Table)
    scan_mode                                0x20000000   Data           1  main.o(.data)
    current_angle                            0x20000002   Data           2  main.o(.data)
    current_distance                         0x20000004   Data           4  main.o(.data)
    warning_flag                             0x20000008   Data           1  main.o(.data)
    display_mode                             0x20000009   Data           1  main.o(.data)
    remote_control                           0x2000000a   Data           1  main.o(.data)
    trail_count                              0x2000000b   Data           1  main.o(.data)
    trail_head                               0x2000000c   Data           1  main.o(.data)
    SystemCoreClock                          0x20000034   Data           4  system_stm32f10x.o(.data)
    AHBPrescTable                            0x20000038   Data          16  system_stm32f10x.o(.data)
    __stdout                                 0x20000048   Data           4  stdout.o(.data)
    scan_data                                0x20000050   Data         362  main.o(.bss)
    scan_trail                               0x200001ba   Data         180  main.o(.bss)
    OLED_Buffer                              0x2000026e   Data        1024  oled.o(.bss)
    __initial_sp                             0x20000a70   Data           0  startup_stm32f10x_md.o(STACK)



==============================================================================

Memory Map of the image

  Image Entry point : 0x080000ed

  Load Region LR_IROM1 (Base: 0x08000000, Size: 0x00003b98, Max: 0x00010000, ABSOLUTE)

    Execution Region ER_IROM1 (Exec base: 0x08000000, Load base: 0x08000000, Size: 0x00003b48, Max: 0x00010000, ABSOLUTE)

    Exec Addr    Load Addr    Size         Type   Attr      Idx    E Section Name        Object

    0x08000000   0x08000000   0x000000ec   Data   RO         3710    RESET               startup_stm32f10x_md.o
    0x080000ec   0x080000ec   0x00000000   Code   RO         3784  * .ARM.Collect$$$$00000000  mc_w.l(entry.o)
    0x080000ec   0x080000ec   0x00000004   Code   RO         4108    .ARM.Collect$$$$00000001  mc_w.l(entry2.o)
    0x080000f0   0x080000f0   0x00000004   Code   RO         4111    .ARM.Collect$$$$00000004  mc_w.l(entry5.o)
    0x080000f4   0x080000f4   0x00000000   Code   RO         4113    .ARM.Collect$$$$00000008  mc_w.l(entry7b.o)
    0x080000f4   0x080000f4   0x00000000   Code   RO         4115    .ARM.Collect$$$$0000000A  mc_w.l(entry8b.o)
    0x080000f4   0x080000f4   0x00000008   Code   RO         4116    .ARM.Collect$$$$0000000B  mc_w.l(entry9a.o)
    0x080000fc   0x080000fc   0x00000004   Code   RO         4123    .ARM.Collect$$$$0000000E  mc_w.l(entry12b.o)
    0x08000100   0x08000100   0x00000000   Code   RO         4118    .ARM.Collect$$$$0000000F  mc_w.l(entry10a.o)
    0x08000100   0x08000100   0x00000000   Code   RO         4120    .ARM.Collect$$$$00000011  mc_w.l(entry11a.o)
    0x08000100   0x08000100   0x00000004   Code   RO         4109    .ARM.Collect$$$$00002712  mc_w.l(entry2.o)
    0x08000104   0x08000104   0x00000024   Code   RO         3711    .text               startup_stm32f10x_md.o
    0x08000128   0x08000128   0x00000064   Code   RO         4052    .text               mf_w.l(fmul.o)
    0x0800018c   0x0800018c   0x0000007c   Code   RO         4054    .text               mf_w.l(fdiv.o)
    0x08000208   0x08000208   0x000000e4   Code   RO         4056    .text               mf_w.l(dmul.o)
    0x080002ec   0x080002ec   0x000000de   Code   RO         4058    .text               mf_w.l(ddiv.o)
    0x080003ca   0x080003ca   0x0000000a   Code   RO         4060    .text               mf_w.l(ffltui.o)
    0x080003d4   0x080003d4   0x00000022   Code   RO         4062    .text               mf_w.l(dflti.o)
    0x080003f6   0x080003f6   0x0000001a   Code   RO         4064    .text               mf_w.l(dfltui.o)
    0x08000410   0x08000410   0x00000032   Code   RO         4066    .text               mf_w.l(ffixi.o)
    0x08000442   0x08000442   0x00000028   Code   RO         4068    .text               mf_w.l(ffixui.o)
    0x0800046a   0x0800046a   0x0000003e   Code   RO         4070    .text               mf_w.l(dfixi.o)
    0x080004a8   0x080004a8   0x00000026   Code   RO         4072    .text               mf_w.l(f2d.o)
    0x080004ce   0x080004ce   0x00000038   Code   RO         4074    .text               mf_w.l(d2f.o)
    0x08000506   0x08000506   0x00000002   PAD
    0x08000508   0x08000508   0x00000014   Code   RO         4076    .text               mf_w.l(cfcmple.o)
    0x0800051c   0x0800051c   0x00000014   Code   RO         4078    .text               mf_w.l(cfrcmple.o)
    0x08000530   0x08000530   0x0000002c   Code   RO         4125    .text               mc_w.l(uidiv.o)
    0x0800055c   0x0800055c   0x00000062   Code   RO         4127    .text               mc_w.l(uldiv.o)
    0x080005be   0x080005be   0x00000020   Code   RO         4129    .text               mc_w.l(llushr.o)
    0x080005de   0x080005de   0x00000000   Code   RO         4140    .text               mc_w.l(iusefp.o)
    0x080005de   0x080005de   0x0000006e   Code   RO         4141    .text               mf_w.l(fepilogue.o)
    0x0800064c   0x0800064c   0x000000ba   Code   RO         4143    .text               mf_w.l(depilogue.o)
    0x08000706   0x08000706   0x0000014e   Code   RO         4145    .text               mf_w.l(dadd.o)
    0x08000854   0x08000854   0x00000030   Code   RO         4147    .text               mf_w.l(dfixul.o)
    0x08000884   0x08000884   0x00000030   Code   RO         4149    .text               mf_w.l(cdrcmple.o)
    0x080008b4   0x080008b4   0x00000024   Code   RO         4155    .text               mc_w.l(init.o)
    0x080008d8   0x080008d8   0x0000001e   Code   RO         4157    .text               mc_w.l(llshl.o)
    0x080008f6   0x080008f6   0x00000024   Code   RO         4159    .text               mc_w.l(llsshr.o)
    0x0800091a   0x0800091a   0x0000002e   Code   RO         4191    .text               mf_w.l(dscalb.o)
    0x08000948   0x08000948   0x0000003e   Code   RO          264    i.AT24C64_WriteByte  at24c64.o
    0x08000986   0x08000986   0x00000024   Code   RO          265    i.AT24C64_Write_Data  at24c64.o
    0x080009aa   0x080009aa   0x00000002   PAD
    0x080009ac   0x080009ac   0x00000100   Code   RO            1    i.Auto_Scan         main.o
    0x08000aac   0x08000aac   0x00000004   Code   RO         3634    i.BusFault_Handler  stm32f10x_it.o
    0x08000ab0   0x08000ab0   0x00000038   Code   RO            2    i.Clear_Scan_Data   main.o
    0x08000ae8   0x08000ae8   0x00000002   Code   RO         3635    i.DebugMon_Handler  stm32f10x_it.o
    0x08000aea   0x08000aea   0x00000002   PAD
    0x08000aec   0x08000aec   0x00000044   Code   RO          303    i.Delay_Init        delay.o
    0x08000b30   0x08000b30   0x00000116   Code   RO         1785    i.GPIO_Init         stm32f10x_gpio.o
    0x08000c46   0x08000c46   0x00000012   Code   RO         1789    i.GPIO_ReadInputDataBit  stm32f10x_gpio.o
    0x08000c58   0x08000c58   0x00000004   Code   RO         1792    i.GPIO_ResetBits    stm32f10x_gpio.o
    0x08000c5c   0x08000c5c   0x00000004   Code   RO         1793    i.GPIO_SetBits      stm32f10x_gpio.o
    0x08000c60   0x08000c60   0x00000004   Code   RO         3636    i.HardFault_Handler  stm32f10x_it.o
    0x08000c64   0x08000c64   0x00000058   Code   RO          431    i.I2C_SendByte      oled.o
    0x08000cbc   0x08000cbc   0x00000034   Code   RO          433    i.I2C_Start         oled.o
    0x08000cf0   0x08000cf0   0x00000034   Code   RO          434    i.I2C_Stop          oled.o
    0x08000d24   0x08000d24   0x00000028   Code   RO          435    i.I2C_WaitAck       oled.o
    0x08000d4c   0x08000d4c   0x00000024   Code   RO          369    i.Key_Init          key.o
    0x08000d70   0x08000d70   0x00000018   Code   RO          370    i.Key_IsPressed     key.o
    0x08000d88   0x08000d88   0x00000038   Code   RO          371    i.Key_Scan          key.o
    0x08000dc0   0x08000dc0   0x00000038   Code   RO          396    i.LED_Init          led.o
    0x08000df8   0x08000df8   0x00000014   Code   RO          397    i.LED_Off           led.o
    0x08000e0c   0x08000e0c   0x00000014   Code   RO          398    i.LED_On            led.o
    0x08000e20   0x08000e20   0x000000d0   Code   RO            3    i.Manual_Control    main.o
    0x08000ef0   0x08000ef0   0x00000004   Code   RO         3637    i.MemManage_Handler  stm32f10x_it.o
    0x08000ef4   0x08000ef4   0x00000002   Code   RO         3638    i.NMI_Handler       stm32f10x_it.o
    0x08000ef6   0x08000ef6   0x00000002   PAD
    0x08000ef8   0x08000ef8   0x00000020   Code   RO          436    i.OLED_Clear        oled.o
    0x08000f18   0x08000f18   0x0000012c   Code   RO            4    i.OLED_Display      main.o
    0x08001044   0x08001044   0x000000ac   Code   RO          437    i.OLED_DrawCircle   oled.o
    0x080010f0   0x080010f0   0x00000088   Code   RO          438    i.OLED_DrawLine     oled.o
    0x08001178   0x08001178   0x00000058   Code   RO          439    i.OLED_DrawPoint    oled.o
    0x080011d0   0x080011d0   0x00000368   Code   RO          440    i.OLED_DrawRadar    oled.o
    0x08001538   0x08001538   0x000000ac   Code   RO            5    i.OLED_DrawRadarDisplay  main.o
    0x080015e4   0x080015e4   0x00000034   Code   RO          441    i.OLED_Flush        oled.o
    0x08001618   0x08001618   0x000000dc   Code   RO          442    i.OLED_Init         oled.o
    0x080016f4   0x080016f4   0x00000008   Code   RO          443    i.OLED_Refresh      oled.o
    0x080016fc   0x080016fc   0x00000024   Code   RO          444    i.OLED_SetPagePos   oled.o
    0x08001720   0x08001720   0x00000084   Code   RO          446    i.OLED_ShowChar     oled.o
    0x080017a4   0x080017a4   0x0000003a   Code   RO          448    i.OLED_ShowString   oled.o
    0x080017de   0x080017de   0x0000002c   Code   RO          449    i.OLED_WriteCmd     oled.o
    0x0800180a   0x0800180a   0x0000002c   Code   RO          450    i.OLED_WriteData    oled.o
    0x08001836   0x08001836   0x00000002   Code   RO         3639    i.PendSV_Handler    stm32f10x_it.o
    0x08001838   0x08001838   0x00000020   Code   RO         2213    i.RCC_APB1PeriphClockCmd  stm32f10x_rcc.o
    0x08001858   0x08001858   0x00000020   Code   RO         2215    i.RCC_APB2PeriphClockCmd  stm32f10x_rcc.o
    0x08001878   0x08001878   0x000000d4   Code   RO         2223    i.RCC_GetClocksFreq  stm32f10x_rcc.o
    0x0800194c   0x0800194c   0x00000002   Code   RO         3640    i.SVC_Handler       stm32f10x_it.o
    0x0800194e   0x0800194e   0x00000002   PAD
    0x08001950   0x08001950   0x0000008c   Code   RO            8    i.Send_Data_To_NodeRED  main.o
    0x080019dc   0x080019dc   0x000000a8   Code   RO          577    i.Servo_Init        servo.o
    0x08001a84   0x08001a84   0x00000028   Code   RO          578    i.Servo_SetAngle    servo.o
    0x08001aac   0x08001aac   0x00000008   Code   RO         3715    i.SetSysClock       system_stm32f10x.o
    0x08001ab4   0x08001ab4   0x000000e0   Code   RO         3716    i.SetSysClockTo72   system_stm32f10x.o
    0x08001b94   0x08001b94   0x00000028   Code   RO          602    i.SysTick_CLKSourceConfig  misc.o
    0x08001bbc   0x08001bbc   0x00000002   Code   RO         3641    i.SysTick_Handler   stm32f10x_it.o
    0x08001bbe   0x08001bbe   0x00000002   PAD
    0x08001bc0   0x08001bc0   0x00000060   Code   RO         3718    i.SystemInit        system_stm32f10x.o
    0x08001c20   0x08001c20   0x00000028   Code   RO            9    i.System_Init       main.o
    0x08001c48   0x08001c48   0x00000018   Code   RO         2859    i.TIM_Cmd           stm32f10x_tim.o
    0x08001c60   0x08001c60   0x0000001e   Code   RO         2861    i.TIM_CtrlPWMOutputs  stm32f10x_tim.o
    0x08001c7e   0x08001c7e   0x00000006   Code   RO         2878    i.TIM_GetCounter    stm32f10x_tim.o
    0x08001c84   0x08001c84   0x00000098   Code   RO         2888    i.TIM_OC1Init       stm32f10x_tim.o
    0x08001d1c   0x08001d1c   0x00000012   Code   RO         2891    i.TIM_OC1PreloadConfig  stm32f10x_tim.o
    0x08001d2e   0x08001d2e   0x00000004   Code   RO         2920    i.TIM_SetCompare1   stm32f10x_tim.o
    0x08001d32   0x08001d32   0x00000004   Code   RO         2924    i.TIM_SetCounter    stm32f10x_tim.o
    0x08001d36   0x08001d36   0x00000002   PAD
    0x08001d38   0x08001d38   0x000000a4   Code   RO         2930    i.TIM_TimeBaseInit  stm32f10x_tim.o
    0x08001ddc   0x08001ddc   0x0000004c   Code   RO          217    i.USART1_IRQHandler  usart.o
    0x08001e28   0x08001e28   0x00000088   Code   RO          218    i.USART1_Init       usart.o
    0x08001eb0   0x08001eb0   0x00000020   Code   RO          219    i.USART1_SendByte   usart.o
    0x08001ed0   0x08001ed0   0x00000012   Code   RO         3394    i.USART_ClearFlag   stm32f10x_usart.o
    0x08001ee2   0x08001ee2   0x0000001e   Code   RO         3395    i.USART_ClearITPendingBit  stm32f10x_usart.o
    0x08001f00   0x08001f00   0x00000018   Code   RO         3398    i.USART_Cmd         stm32f10x_usart.o
    0x08001f18   0x08001f18   0x0000001a   Code   RO         3401    i.USART_GetFlagStatus  stm32f10x_usart.o
    0x08001f32   0x08001f32   0x00000054   Code   RO         3402    i.USART_GetITStatus  stm32f10x_usart.o
    0x08001f86   0x08001f86   0x00000002   PAD
    0x08001f88   0x08001f88   0x000000d8   Code   RO         3405    i.USART_Init        stm32f10x_usart.o
    0x08002060   0x08002060   0x0000000a   Code   RO         3412    i.USART_ReceiveData  stm32f10x_usart.o
    0x0800206a   0x0800206a   0x00000008   Code   RO         3415    i.USART_SendData    stm32f10x_usart.o
    0x08002072   0x08002072   0x00000002   PAD
    0x08002074   0x08002074   0x000000a4   Code   RO          193    i.Ultrasonic_GetDistance  ultrasonic.o
    0x08002118   0x08002118   0x00000074   Code   RO          194    i.Ultrasonic_Init   ultrasonic.o
    0x0800218c   0x0800218c   0x00000004   Code   RO         3642    i.UsageFault_Handler  stm32f10x_it.o
    0x08002190   0x08002190   0x00000020   Code   RO         4022    i.__0printf         mc_w.l(printfa.o)
    0x080021b0   0x080021b0   0x00000028   Code   RO         4024    i.__0sprintf        mc_w.l(printfa.o)
    0x080021d8   0x080021d8   0x00000028   Code   RO         4151    i.__ARM_fpclassify  m_ws.l(fpclassify.o)
    0x08002200   0x08002200   0x00000388   Code   RO         4097    i.__ieee754_rem_pio2  m_ws.l(rred.o)
    0x08002588   0x08002588   0x000000fc   Code   RO         4080    i.__kernel_cos      m_ws.l(cos_i.o)
    0x08002684   0x08002684   0x000000aa   Code   RO         4153    i.__kernel_poly     m_ws.l(poly.o)
    0x0800272e   0x0800272e   0x00000002   PAD
    0x08002730   0x08002730   0x000000ec   Code   RO         4102    i.__kernel_sin      m_ws.l(sin_i.o)
    0x0800281c   0x0800281c   0x00000006   Code   RO         4084    i.__mathlib_dbl_infnan  m_ws.l(dunder.o)
    0x08002822   0x08002822   0x0000000c   Code   RO         4086    i.__mathlib_dbl_invalid  m_ws.l(dunder.o)
    0x0800282e   0x0800282e   0x00000002   PAD
    0x08002830   0x08002830   0x00000010   Code   RO         4089    i.__mathlib_dbl_underflow  m_ws.l(dunder.o)
    0x08002840   0x08002840   0x0000000e   Code   RO         4197    i.__scatterload_copy  mc_w.l(handlers.o)
    0x0800284e   0x0800284e   0x00000002   Code   RO         4198    i.__scatterload_null  mc_w.l(handlers.o)
    0x08002850   0x08002850   0x0000000e   Code   RO         4199    i.__scatterload_zeroinit  mc_w.l(handlers.o)
    0x0800285e   0x0800285e   0x00000002   PAD
    0x08002860   0x08002860   0x0000000c   Code   RO         4133    i.__set_errno       mc_w.l(errno.o)
    0x0800286c   0x0800286c   0x00000184   Code   RO         4029    i._fp_digits        mc_w.l(printfa.o)
    0x080029f0   0x080029f0   0x000006b4   Code   RO         4030    i._printf_core      mc_w.l(printfa.o)
    0x080030a4   0x080030a4   0x00000024   Code   RO         4031    i._printf_post_padding  mc_w.l(printfa.o)
    0x080030c8   0x080030c8   0x0000002e   Code   RO         4032    i._printf_pre_padding  mc_w.l(printfa.o)
    0x080030f6   0x080030f6   0x0000000a   Code   RO         4034    i._sputc            mc_w.l(printfa.o)
    0x08003100   0x08003100   0x0000009c   Code   RO         3769    i.cos               m_ws.l(cos.o)
    0x0800319c   0x0800319c   0x000000a8   Code   RO          304    i.delay_ms          delay.o
    0x08003244   0x08003244   0x0000004c   Code   RO          305    i.delay_us          delay.o
    0x08003290   0x08003290   0x00000010   Code   RO          221    i.fputc             usart.o
    0x080032a0   0x080032a0   0x000000d8   Code   RO           10    i.main              main.o
    0x08003378   0x08003378   0x000000a0   Code   RO         3777    i.sin               m_ws.l(sin.o)
    0x08003418   0x08003418   0x000005f0   Data   RO          330    .constdata          font.o
    0x08003a08   0x08003a08   0x00000030   Data   RO         4081    .constdata          m_ws.l(cos_i.o)
    0x08003a38   0x08003a38   0x000000c8   Data   RO         4099    .constdata          m_ws.l(rred.o)
    0x08003b00   0x08003b00   0x00000028   Data   RO         4103    .constdata          m_ws.l(sin_i.o)
    0x08003b28   0x08003b28   0x00000020   Data   RO         4195    Region$$Table       anon$$obj.o


    Execution Region RW_IRAM1 (Exec base: 0x20000000, Load base: 0x08003b48, Size: 0x00000a70, Max: 0x00005000, ABSOLUTE)

    Exec Addr    Load Addr    Size         Type   Attr      Idx    E Section Name        Object

    0x20000000   0x08003b48   0x00000019   Data   RW           12    .data               main.o
    0x20000019   0x08003b61   0x00000001   PAD
    0x2000001a   0x08003b62   0x00000004   Data   RW          306    .data               delay.o
    0x2000001e   0x08003b66   0x00000014   Data   RW         2243    .data               stm32f10x_rcc.o
    0x20000032   0x08003b7a   0x00000002   PAD
    0x20000034   0x08003b7c   0x00000014   Data   RW         3719    .data               system_stm32f10x.o
    0x20000048   0x08003b90   0x00000004   Data   RW         4124    .data               mc_w.l(stdout.o)
    0x2000004c   0x08003b94   0x00000004   Data   RW         4134    .data               mc_w.l(errno.o)
    0x20000050        -       0x0000021e   Zero   RW           11    .bss                main.o
    0x2000026e        -       0x00000400   Zero   RW          451    .bss                oled.o
    0x2000066e   0x08003b98   0x00000002   PAD
    0x20000670        -       0x00000400   Zero   RW         3708    STACK               startup_stm32f10x_md.o


==============================================================================

Image component sizes


      Code (inc. data)   RO Data    RW Data    ZI Data      Debug   Object Name

        98          0          0          0          0       1485   at24c64.o
         0          0          0          0          0         32   core_cm3.o
       312         30          0          4          0       1495   delay.o
         0          0       1520          0          0        520   font.o
       116         14          0          0          0       1286   key.o
        96         18          0          0          0       1154   led.o
      1388        376          0         25        542     257922   main.o
        40          0          0          0          0        454   misc.o
      2126         68          0          0       1024      10276   oled.o
       208         16          0          0          0       1058   servo.o
        36          8        236          0       1024        752   startup_stm32f10x_md.o
       304          0          0          0          0      11728   stm32f10x_gpio.o
        26          0          0          0          0       3458   stm32f10x_it.o
       276         32          0         20          0      12906   stm32f10x_rcc.o
       402         62          0          0          0      25019   stm32f10x_tim.o
       416          6          0          0          0      11976   stm32f10x_usart.o
       328         28          0         20          0       2069   system_stm32f10x.o
       280         30          0          0          0       1183   ultrasonic.o
       260         22          0          0          0       3672   usart.o

    ----------------------------------------------------------------------
      6728        710       1788         72       2592     348445   Object Totals
         0          0         32          0          0          0   (incl. Generated)
        16          0          0          3          2          0   (incl. Padding)

    ----------------------------------------------------------------------

      Code (inc. data)   RO Data    RW Data    ZI Data      Debug   Library Member Name

       156          8          0          0          0        104   cos.o
       252         22         48          0          0        124   cos_i.o
        34          6          0          0          0        204   dunder.o
        40          0          0          0          0         68   fpclassify.o
       170          0          0          0          0         96   poly.o
       904         76        200          0          0        140   rred.o
       160         10          0          0          0        108   sin.o
       236         12         40          0          0        128   sin_i.o
         0          0          0          0          0          0   entry.o
         0          0          0          0          0          0   entry10a.o
         0          0          0          0          0          0   entry11a.o
         4          0          0          0          0          0   entry12b.o
         8          4          0          0          0          0   entry2.o
         4          0          0          0          0          0   entry5.o
         0          0          0          0          0          0   entry7b.o
         0          0          0          0          0          0   entry8b.o
         8          4          0          0          0          0   entry9a.o
        12          6          0          4          0         68   errno.o
        30          0          0          0          0          0   handlers.o
        36          8          0          0          0         68   init.o
         0          0          0          0          0          0   iusefp.o
        30          0          0          0          0         68   llshl.o
        36          0          0          0          0         68   llsshr.o
        32          0          0          0          0         68   llushr.o
      2268         96          0          0          0        616   printfa.o
         0          0          0          4          0          0   stdout.o
        44          0          0          0          0         80   uidiv.o
        98          0          0          0          0         92   uldiv.o
        48          0          0          0          0         68   cdrcmple.o
        20          0          0          0          0         68   cfcmple.o
        20          0          0          0          0         68   cfrcmple.o
        56          0          0          0          0         88   d2f.o
       334          0          0          0          0        148   dadd.o
       222          0          0          0          0        100   ddiv.o
       186          0          0          0          0        176   depilogue.o
        62          0          0          0          0         80   dfixi.o
        48          0          0          0          0         68   dfixul.o
        34          0          0          0          0         76   dflti.o
        26          0          0          0          0         76   dfltui.o
       228          0          0          0          0         96   dmul.o
        46          0          0          0          0         80   dscalb.o
        38          0          0          0          0         68   f2d.o
       124          0          0          0          0         88   fdiv.o
       110          0          0          0          0        168   fepilogue.o
        50          0          0          0          0         68   ffixi.o
        40          0          0          0          0         68   ffixui.o
        10          0          0          0          0         68   ffltui.o
       100          0          0          0          0         76   fmul.o

    ----------------------------------------------------------------------
      6372        252        288          8          0       3896   Library Totals
         8          0          0          0          0          0   (incl. Padding)

    ----------------------------------------------------------------------

      Code (inc. data)   RO Data    RW Data    ZI Data      Debug   Library Name

      1952        134        288          0          0        972   m_ws.l
      2610        118          0          8          0       1128   mc_w.l
      1802          0          0          0          0       1796   mf_w.l

    ----------------------------------------------------------------------
      6372        252        288          8          0       3896   Library Totals

    ----------------------------------------------------------------------

==============================================================================


      Code (inc. data)   RO Data    RW Data    ZI Data      Debug   

     13100        962       2076         80       2592     346357   Grand Totals
     13100        962       2076         80       2592     346357   ELF Image Totals
     13100        962       2076         80          0          0   ROM Totals

==============================================================================

    Total RO  Size (Code + RO Data)                15176 (  14.82kB)
    Total RW  Size (RW Data + ZI Data)              2672 (   2.61kB)
    Total ROM Size (Code + RO Data + RW Data)      15256 (  14.90kB)

==============================================================================

